Archive member included to satisfy reference by file (symbol)

/usr/lib/gcc/arm-none-eabi/9.2.1/../../../arm-none-eabi/lib/thumb/v7e-m+fp/hard/libc_nano.a(lib_a-atexit.o)
                              /usr/lib/gcc/arm-none-eabi/9.2.1/../../../arm-none-eabi/lib/thumb/v7e-m+fp/hard/crt0.o (atexit)
/usr/lib/gcc/arm-none-eabi/9.2.1/../../../arm-none-eabi/lib/thumb/v7e-m+fp/hard/libc_nano.a(lib_a-errno.o)
                              build/syscalls.o (__errno)
/usr/lib/gcc/arm-none-eabi/9.2.1/../../../arm-none-eabi/lib/thumb/v7e-m+fp/hard/libc_nano.a(lib_a-exit.o)
                              /usr/lib/gcc/arm-none-eabi/9.2.1/../../../arm-none-eabi/lib/thumb/v7e-m+fp/hard/crt0.o (exit)
/usr/lib/gcc/arm-none-eabi/9.2.1/../../../arm-none-eabi/lib/thumb/v7e-m+fp/hard/libc_nano.a(lib_a-fini.o)
                              /usr/lib/gcc/arm-none-eabi/9.2.1/../../../arm-none-eabi/lib/thumb/v7e-m+fp/hard/crt0.o (__libc_fini_array)
/usr/lib/gcc/arm-none-eabi/9.2.1/../../../arm-none-eabi/lib/thumb/v7e-m+fp/hard/libc_nano.a(lib_a-impure.o)
                              /usr/lib/gcc/arm-none-eabi/9.2.1/../../../arm-none-eabi/lib/thumb/v7e-m+fp/hard/libc_nano.a(lib_a-exit.o) (_global_impure_ptr)
/usr/lib/gcc/arm-none-eabi/9.2.1/../../../arm-none-eabi/lib/thumb/v7e-m+fp/hard/libc_nano.a(lib_a-init.o)
                              /usr/lib/gcc/arm-none-eabi/9.2.1/../../../arm-none-eabi/lib/thumb/v7e-m+fp/hard/crt0.o (__libc_init_array)
/usr/lib/gcc/arm-none-eabi/9.2.1/../../../arm-none-eabi/lib/thumb/v7e-m+fp/hard/libc_nano.a(lib_a-memset.o)
                              /usr/lib/gcc/arm-none-eabi/9.2.1/../../../arm-none-eabi/lib/thumb/v7e-m+fp/hard/crt0.o (memset)
/usr/lib/gcc/arm-none-eabi/9.2.1/../../../arm-none-eabi/lib/thumb/v7e-m+fp/hard/libc_nano.a(lib_a-sprintf.o)
                              build/wifi.o (sprintf)
/usr/lib/gcc/arm-none-eabi/9.2.1/../../../arm-none-eabi/lib/thumb/v7e-m+fp/hard/libc_nano.a(lib_a-strcpy.o)
                              build/usart.o (strcpy)
/usr/lib/gcc/arm-none-eabi/9.2.1/../../../arm-none-eabi/lib/thumb/v7e-m+fp/hard/libc_nano.a(lib_a-strlen.o)
                              build/wifi.o (strlen)
/usr/lib/gcc/arm-none-eabi/9.2.1/../../../arm-none-eabi/lib/thumb/v7e-m+fp/hard/libc_nano.a(lib_a-strstr.o)
                              build/usart.o (strstr)
/usr/lib/gcc/arm-none-eabi/9.2.1/../../../arm-none-eabi/lib/thumb/v7e-m+fp/hard/libc_nano.a(lib_a-__atexit.o)
                              /usr/lib/gcc/arm-none-eabi/9.2.1/../../../arm-none-eabi/lib/thumb/v7e-m+fp/hard/libc_nano.a(lib_a-atexit.o) (__register_exitproc)
/usr/lib/gcc/arm-none-eabi/9.2.1/../../../arm-none-eabi/lib/thumb/v7e-m+fp/hard/libc_nano.a(lib_a-__call_atexit.o)
                              /usr/lib/gcc/arm-none-eabi/9.2.1/../../../arm-none-eabi/lib/thumb/v7e-m+fp/hard/libc_nano.a(lib_a-__atexit.o) (__call_exitprocs)
/usr/lib/gcc/arm-none-eabi/9.2.1/../../../arm-none-eabi/lib/thumb/v7e-m+fp/hard/libc_nano.a(lib_a-memcmp.o)
                              /usr/lib/gcc/arm-none-eabi/9.2.1/../../../arm-none-eabi/lib/thumb/v7e-m+fp/hard/libc_nano.a(lib_a-strstr.o) (memcmp)
/usr/lib/gcc/arm-none-eabi/9.2.1/../../../arm-none-eabi/lib/thumb/v7e-m+fp/hard/libc_nano.a(lib_a-nano-svfprintf.o)
                              /usr/lib/gcc/arm-none-eabi/9.2.1/../../../arm-none-eabi/lib/thumb/v7e-m+fp/hard/libc_nano.a(lib_a-sprintf.o) (_svfprintf_r)
/usr/lib/gcc/arm-none-eabi/9.2.1/../../../arm-none-eabi/lib/thumb/v7e-m+fp/hard/libc_nano.a(lib_a-nano-vfprintf_i.o)
                              /usr/lib/gcc/arm-none-eabi/9.2.1/../../../arm-none-eabi/lib/thumb/v7e-m+fp/hard/libc_nano.a(lib_a-nano-svfprintf.o) (_printf_i)
/usr/lib/gcc/arm-none-eabi/9.2.1/../../../arm-none-eabi/lib/thumb/v7e-m+fp/hard/libc_nano.a(lib_a-strchr.o)
                              /usr/lib/gcc/arm-none-eabi/9.2.1/../../../arm-none-eabi/lib/thumb/v7e-m+fp/hard/libc_nano.a(lib_a-strstr.o) (strchr)
/usr/lib/gcc/arm-none-eabi/9.2.1/../../../arm-none-eabi/lib/thumb/v7e-m+fp/hard/libc_nano.a(lib_a-strnlen.o)
                              /usr/lib/gcc/arm-none-eabi/9.2.1/../../../arm-none-eabi/lib/thumb/v7e-m+fp/hard/libc_nano.a(lib_a-strstr.o) (strnlen)
/usr/lib/gcc/arm-none-eabi/9.2.1/../../../arm-none-eabi/lib/thumb/v7e-m+fp/hard/libc_nano.a(lib_a-memchr.o)
                              /usr/lib/gcc/arm-none-eabi/9.2.1/../../../arm-none-eabi/lib/thumb/v7e-m+fp/hard/libc_nano.a(lib_a-nano-svfprintf.o) (memchr)
/usr/lib/gcc/arm-none-eabi/9.2.1/../../../arm-none-eabi/lib/thumb/v7e-m+fp/hard/libc_nano.a(lib_a-memcpy.o)
                              /usr/lib/gcc/arm-none-eabi/9.2.1/../../../arm-none-eabi/lib/thumb/v7e-m+fp/hard/libc_nano.a(lib_a-nano-svfprintf.o) (memcpy)
/usr/lib/gcc/arm-none-eabi/9.2.1/../../../arm-none-eabi/lib/thumb/v7e-m+fp/hard/libc_nano.a(lib_a-memmove.o)
                              /usr/lib/gcc/arm-none-eabi/9.2.1/../../../arm-none-eabi/lib/thumb/v7e-m+fp/hard/libc_nano.a(lib_a-nano-svfprintf.o) (memmove)
[...]
Memory Configuration

Name             Origin             Length             Attributes
RAM              0x0000000020000000 0x0000000000030000 xrw
CCMRAM           0x0000000010000000 0x0000000000010000 xrw
FLASH            0x0000000008000000 0x0000000000200000 xr
*default*        0x0000000000000000 0xffffffffffffffff

Linker script and memory map

LOAD /usr/lib/gcc/arm-none-eabi/9.2.1/thumb/v7e-m+fp/hard/crti.o
LOAD /usr/lib/gcc/arm-none-eabi/9.2.1/thumb/v7e-m+fp/hard/crtbegin.o
LOAD /usr/lib/gcc/arm-none-eabi/9.2.1/../../../arm-none-eabi/lib/thumb/v7e-m+fp/hard/crt0.o
LOAD build/main.o
LOAD build/gpio.o
LOAD build/adc.o
LOAD build/i2c.o
LOAD build/tim.o
LOAD build/usart.o
LOAD build/bme280.o
LOAD build/hcsr04.o
LOAD build/sh.o
LOAD build/wifi.o
LOAD build/syscalls.o
LOAD build/sysmem.o
LOAD build/stm32f4xx_it.o
LOAD build/stm32f4xx_hal_msp.o
LOAD build/stm32f4xx_hal_adc.o
LOAD build/stm32f4xx_hal_adc_ex.o
LOAD build/stm32f4xx_ll_adc.o
LOAD build/stm32f4xx_hal_rcc.o
LOAD build/stm32f4xx_hal_rcc_ex.o
LOAD build/stm32f4xx_hal_flash.o
LOAD build/stm32f4xx_hal_flash_ex.o
LOAD build/stm32f4xx_hal_flash_ramfunc.o
LOAD build/stm32f4xx_hal_gpio.o
LOAD build/stm32f4xx_hal_dma_ex.o
LOAD build/stm32f4xx_hal_dma.o
LOAD build/stm32f4xx_hal_pwr.o
LOAD build/stm32f4xx_hal_pwr_ex.o
LOAD build/stm32f4xx_hal_cortex.o
LOAD build/stm32f4xx_hal.o
LOAD build/stm32f4xx_hal_exti.o
LOAD build/stm32f4xx_hal_i2c.o
LOAD build/stm32f4xx_hal_i2c_ex.o
LOAD build/stm32f4xx_hal_tim.o
LOAD build/stm32f4xx_hal_tim_ex.o
LOAD build/stm32f4xx_hal_uart.o
LOAD build/system_stm32f4xx.o
LOAD build/startup_stm32f429xx.o
LOAD /usr/lib/gcc/arm-none-eabi/9.2.1/../../../arm-none-eabi/lib/thumb/v7e-m+fp/hard/libc_nano.a
LOAD /usr/lib/gcc/arm-none-eabi/9.2.1/../../../arm-none-eabi/lib/thumb/v7e-m+fp/hard/libm.a
LOAD /usr/lib/gcc/arm-none-eabi/9.2.1/../../../arm-none-eabi/lib/thumb/v7e-m+fp/hard/libnosys.a
START GROUP
LOAD /usr/lib/gcc/arm-none-eabi/9.2.1/thumb/v7e-m+fp/hard/libgcc.a
LOAD /usr/lib/gcc/arm-none-eabi/9.2.1/../../../arm-none-eabi/lib/thumb/v7e-m+fp/hard/libc_nano.a
END GROUP
START GROUP
LOAD /usr/lib/gcc/arm-none-eabi/9.2.1/thumb/v7e-m+fp/hard/libgcc.a
LOAD /usr/lib/gcc/arm-none-eabi/9.2.1/../../../arm-none-eabi/lib/thumb/v7e-m+fp/hard/libc_nano.a
END GROUP
LOAD /usr/lib/gcc/arm-none-eabi/9.2.1/thumb/v7e-m+fp/hard/crtend.o
LOAD /usr/lib/gcc/arm-none-eabi/9.2.1/thumb/v7e-m+fp/hard/crtn.o
                0x0000000020030000                _estack = 0x20030000
                0x0000000000000200                _Min_Heap_Size = 0x200
                0x0000000000000400                _Min_Stack_Size = 0x400

.isr_vector     0x0000000008000000      0x1ac
                0x0000000008000000                . = ALIGN (0x4)
 *(.isr_vector)
 .isr_vector    0x0000000008000000      0x1ac build/startup_stm32f429xx.o
                0x0000000008000000                g_pfnVectors
                0x00000000080001ac                . = ALIGN (0x4)

.text           0x00000000080001c0     0x641c
                0x00000000080001c0                . = ALIGN (0x4)
 *(.text)
 .text          0x00000000080001c0       0x88 /usr/lib/gcc/arm-none-eabi/9.2.1/thumb/v7e-m+fp/hard/crtbegin.o
 .text          0x0000000008000248        0xc /usr/lib/gcc/arm-none-eabi/9.2.1/../../../arm-none-eabi/lib/thumb/v7e-m+fp/hard/libc_nano.a(lib_a-errno.o)
                0x0000000008000248                __errno
 .text          0x0000000008000254       0x48 /usr/lib/gcc/arm-none-eabi/9.2.1/../../../arm-none-eabi/lib/thumb/v7e-m+fp/hard/libc_nano.a(lib_a-init.o)
                0x0000000008000254                __libc_init_array
 .text          0x000000000800029c       0xa0 /usr/lib/gcc/arm-none-eabi/9.2.1/../../../arm-none-eabi/lib/thumb/v7e-m+fp/hard/libc_nano.a(lib_a-memset.o)
                0x000000000800029c                memset
 .text          0x000000000800033c       0x80 /usr/lib/gcc/arm-none-eabi/9.2.1/../../../arm-none-eabi/lib/thumb/v7e-m+fp/hard/libc_nano.a(lib_a-sprintf.o)
                0x000000000800033c                _siprintf_r
                0x000000000800033c                _sprintf_r
                0x0000000008000378                sprintf
                0x0000000008000378                siprintf
 .text          0x00000000080003bc       0xbc /usr/lib/gcc/arm-none-eabi/9.2.1/../../../arm-none-eabi/lib/thumb/v7e-m+fp/hard/libc_nano.a(lib_a-strcpy.o)
                0x00000000080003bc                strcpy
 *fill*         0x0000000008000478        0x8 
 .text          0x0000000008000480       0xdc /usr/lib/gcc/arm-none-eabi/9.2.1/../../../arm-none-eabi/lib/thumb/v7e-m+fp/hard/libc_nano.a(lib_a-strlen.o)
                0x0000000008000480                strlen
 .text          0x000000000800055c      0x458 /usr/lib/gcc/arm-none-eabi/9.2.1/../../../arm-none-eabi/lib/thumb/v7e-m+fp/hard/libc_nano.a(lib_a-strstr.o)
                0x0000000008000834                strstr
 .text          0x00000000080009b4       0x60 /usr/lib/gcc/arm-none-eabi/9.2.1/../../../arm-none-eabi/lib/thumb/v7e-m+fp/hard/libc_nano.a(lib_a-memcmp.o)
                0x00000000080009b4                memcmp
 .text          0x0000000008000a14      0x42c /usr/lib/gcc/arm-none-eabi/9.2.1/../../../arm-none-eabi/lib/thumb/v7e-m+fp/hard/libc_nano.a(lib_a-nano-svfprintf.o)
                0x0000000008000a14                __ssputs_r
                0x0000000008000ad4                __ssprint_r
                0x0000000008000bcc                _svfprintf_r
                0x0000000008000bcc                _svfiprintf_r
 .text          0x0000000008000e40      0x3c4 /usr/lib/gcc/arm-none-eabi/9.2.1/../../../arm-none-eabi/lib/thumb/v7e-m+fp/hard/libc_nano.a(lib_a-nano-vfprintf_i.o)
                0x0000000008000e40                _printf_common
                0x0000000008000f6c                _printf_i
 .text          0x0000000008001204       0xc8 /usr/lib/gcc/arm-none-eabi/9.2.1/../../../arm-none-eabi/lib/thumb/v7e-m+fp/hard/libc_nano.a(lib_a-strchr.o)
                0x0000000008001204                strchr
 .text          0x00000000080012cc       0x44 /usr/lib/gcc/arm-none-eabi/9.2.1/../../../arm-none-eabi/lib/thumb/v7e-m+fp/hard/libc_nano.a(lib_a-strnlen.o)
                0x00000000080012cc                strnlen
 .text          0x0000000008001310       0xa0 /usr/lib/gcc/arm-none-eabi/9.2.1/../../../arm-none-eabi/lib/thumb/v7e-m+fp/hard/libc_nano.a(lib_a-memchr.o)
                0x0000000008001310                memchr
 .text          0x00000000080013b0      0x134 /usr/lib/gcc/arm-none-eabi/9.2.1/../../../arm-none-eabi/lib/thumb/v7e-m+fp/hard/libc_nano.a(lib_a-memcpy.o)
                0x00000000080013b0                memcpy
 .text          0x00000000080014e4       0xd0 /usr/lib/gcc/arm-none-eabi/9.2.1/../../../arm-none-eabi/lib/thumb/v7e-m+fp/hard/libc_nano.a(lib_a-memmove.o)
                0x00000000080014e4                memmove
 .text          0x00000000080015b4       0xac /usr/lib/gcc/arm-none-eabi/9.2.1/../../../arm-none-eabi/lib/thumb/v7e-m+fp/hard/libc_nano.a(lib_a-nano-freer.o)
                0x00000000080015b4                _free_r
 .text          0x0000000008001660       0xc8 /usr/lib/gcc/arm-none-eabi/9.2.1/../../../arm-none-eabi/lib/thumb/v7e-m+fp/hard/libc_nano.a(lib_a-nano-mallocr.o)
                0x0000000008001660                _malloc_r
 .text          0x0000000008001728       0x4c /usr/lib/gcc/arm-none-eabi/9.2.1/../../../arm-none-eabi/lib/thumb/v7e-m+fp/hard/libc_nano.a(lib_a-nano-reallocr.o)
                0x0000000008001728                _realloc_r
 .text          0x0000000008001774       0x24 /usr/lib/gcc/arm-none-eabi/9.2.1/../../../arm-none-eabi/lib/thumb/v7e-m+fp/hard/libc_nano.a(lib_a-sbrkr.o)
                0x0000000008001774                _sbrk_r
 .text          0x0000000008001798        0x8 /usr/lib/gcc/arm-none-eabi/9.2.1/../../../arm-none-eabi/lib/thumb/v7e-m+fp/hard/libc_nano.a(lib_a-mlock.o)
                0x0000000008001798                __malloc_lock
                0x000000000800179c                __malloc_unlock
 .text          0x00000000080017a0       0x10 /usr/lib/gcc/arm-none-eabi/9.2.1/../../../arm-none-eabi/lib/thumb/v7e-m+fp/hard/libc_nano.a(lib_a-nano-msizer.o)
                0x00000000080017a0                _malloc_usable_size_r
 .text          0x00000000080017b0      0x378 /usr/lib/gcc/arm-none-eabi/9.2.1/thumb/v7e-m+fp/hard/libgcc.a(_arm_addsubdf3.o)
                0x00000000080017b0                __aeabi_drsub
                0x00000000080017b8                __aeabi_dsub
                0x00000000080017b8                __subdf3
                0x00000000080017bc                __adddf3
                0x00000000080017bc                __aeabi_dadd
                0x0000000008001a34                __aeabi_ui2d
                0x0000000008001a34                __floatunsidf
                0x0000000008001a54                __floatsidf
                0x0000000008001a54                __aeabi_i2d
                0x0000000008001a78                __extendsfdf2
                0x0000000008001a78                __aeabi_f2d
                0x0000000008001abc                __aeabi_ul2d
                0x0000000008001abc                __floatundidf
                0x0000000008001acc                __floatdidf
                0x0000000008001acc                __aeabi_l2d
 .text          0x0000000008001b28      0x424 /usr/lib/gcc/arm-none-eabi/9.2.1/thumb/v7e-m+fp/hard/libgcc.a(_arm_muldivdf3.o)
                0x0000000008001b28                __aeabi_dmul
                0x0000000008001b28                __muldf3
                0x0000000008001d7c                __aeabi_ddiv
                0x0000000008001d7c                __divdf3
 .text          0x0000000008001f4c      0x110 /usr/lib/gcc/arm-none-eabi/9.2.1/thumb/v7e-m+fp/hard/libgcc.a(_arm_cmpdf2.o)
                0x0000000008001f4c                __gtdf2
                0x0000000008001f4c                __gedf2
                0x0000000008001f54                __ltdf2
                0x0000000008001f54                __ledf2
                0x0000000008001f5c                __cmpdf2
                0x0000000008001f5c                __eqdf2
                0x0000000008001f5c                __nedf2
                0x0000000008001fd8                __aeabi_cdrcmple
                0x0000000008001fe8                __aeabi_cdcmple
                0x0000000008001fe8                __aeabi_cdcmpeq
                0x0000000008001ff8                __aeabi_dcmpeq
                0x000000000800200c                __aeabi_dcmplt
                0x0000000008002020                __aeabi_dcmple
                0x0000000008002034                __aeabi_dcmpge
                0x0000000008002048                __aeabi_dcmpgt
 .text          0x000000000800205c       0x50 /usr/lib/gcc/arm-none-eabi/9.2.1/thumb/v7e-m+fp/hard/libgcc.a(_arm_fixdfsi.o)
                0x000000000800205c                __fixdfsi
                0x000000000800205c                __aeabi_d2iz
 .text          0x00000000080020ac       0x40 /usr/lib/gcc/arm-none-eabi/9.2.1/thumb/v7e-m+fp/hard/libgcc.a(_arm_fixunsdfsi.o)
                0x00000000080020ac                __fixunsdfsi
                0x00000000080020ac                __aeabi_d2uiz
 .text          0x00000000080020ec       0x30 /usr/lib/gcc/arm-none-eabi/9.2.1/thumb/v7e-m+fp/hard/libgcc.a(_aeabi_uldivmod.o)
                0x00000000080020ec                __aeabi_uldivmod
 .text          0x000000000800211c      0x2c4 /usr/lib/gcc/arm-none-eabi/9.2.1/thumb/v7e-m+fp/hard/libgcc.a(_udivmoddi4.o)
                0x000000000800211c                __udivmoddi4
 .text          0x00000000080023e0        0x4 /usr/lib/gcc/arm-none-eabi/9.2.1/thumb/v7e-m+fp/hard/libgcc.a(_dvmd_tls.o)
                0x00000000080023e0                __aeabi_ldiv0
                0x00000000080023e0                __aeabi_idiv0
 *(.text*)
 .text.Mjerenje_Vrijednosti
                0x00000000080023e4        0x2 build/main.o
                0x00000000080023e4                Mjerenje_Vrijednosti
 .text.Zalij_Ako_Je_Suho
                0x00000000080023e6        0x2 build/main.o
                0x00000000080023e6                Zalij_Ako_Je_Suho
 .text.Error_Handler
                0x00000000080023e8        0x4 build/main.o
                0x00000000080023e8                Error_Handler
 .text.SystemClock_Config
                0x00000000080023ec       0xa4 build/main.o
                0x00000000080023ec                SystemClock_Config
 .text.main     0x0000000008002490      0x188 build/main.o
                0x0000000008002490                main
 .text.MX_GPIO_Init
                0x0000000008002618      0x10c build/gpio.o
                0x0000000008002618                MX_GPIO_Init
 .text.MX_ADC3_Init
                0x0000000008002724       0x6c build/adc.o
                0x0000000008002724                MX_ADC3_Init
 .text.HAL_ADC_MspInit
                0x0000000008002790       0x68 build/adc.o
                0x0000000008002790                HAL_ADC_MspInit
 .text.MX_I2C3_Init
                0x00000000080027f8       0x5c build/i2c.o
                0x00000000080027f8                MX_I2C3_Init
 .text.HAL_I2C_MspInit
                0x0000000008002854       0xac build/i2c.o
                0x0000000008002854                HAL_I2C_MspInit
 .text.MX_TIM1_Init
                0x0000000008002900       0x78 build/tim.o
                0x0000000008002900                MX_TIM1_Init
 .text.MX_TIM2_Init
                0x0000000008002978       0x78 build/tim.o
                0x0000000008002978                MX_TIM2_Init
 .text.HAL_TIM_IC_MspInit
                0x00000000080029f0       0x80 build/tim.o
                0x00000000080029f0                HAL_TIM_IC_MspInit
 .text.HAL_TIM_Base_MspInit
                0x0000000008002a70       0x3c build/tim.o
                0x0000000008002a70                HAL_TIM_Base_MspInit
 .text.HAL_TIM_PeriodElapsedCallback
                0x0000000008002aac       0x34 build/tim.o
                0x0000000008002aac                HAL_TIM_PeriodElapsedCallback
 .text.timer2_get_millisec
                0x0000000008002ae0       0x24 build/tim.o
                0x0000000008002ae0                timer2_get_millisec
 .text.timer2_wait_millisec
                0x0000000008002b04       0x1a build/tim.o
                0x0000000008002b04                timer2_wait_millisec
 *fill*         0x0000000008002b1e        0x2 
 .text.MX_USART1_UART_Init
                0x0000000008002b20       0x40 build/usart.o
                0x0000000008002b20                MX_USART1_UART_Init
 .text.HAL_UART_MspInit
                0x0000000008002b60       0x80 build/usart.o
                0x0000000008002b60                HAL_UART_MspInit
 .text.USER_UART_IRQHandler
                0x0000000008002be0       0x30 build/usart.o
                0x0000000008002be0                USER_UART_IRQHandler
 .text.USART1_SendChar
                0x0000000008002c10       0x20 build/usart.o
                0x0000000008002c10                USART1_SendChar
 .text.USART1_SendString
                0x0000000008002c30       0x30 build/usart.o
                0x0000000008002c30                USART1_SendString
 .text.USART1_ClearBuffer
                0x0000000008002c60       0x34 build/usart.o
                0x0000000008002c60                USART1_ClearBuffer
 .text.USART1_GetBufferContent
                0x0000000008002c94       0x20 build/usart.o
                0x0000000008002c94                USART1_GetBufferContent
 .text.USART1_WaitFor
                0x0000000008002cb4       0x66 build/usart.o
                0x0000000008002cb4                USART1_WaitFor
 *fill*         0x0000000008002d1a        0x2 
 .text.USART1_WaitForTrueOrFalse
                0x0000000008002d1c       0x78 build/usart.o
                0x0000000008002d1c                USART1_WaitForTrueOrFalse
 .text.BME280_CalibrateTemp
                0x0000000008002d94       0xdc build/bme280.o
                0x0000000008002d94                BME280_CalibrateTemp
 .text.BME280_CalibratePress
                0x0000000008002e70      0x218 build/bme280.o
                0x0000000008002e70                BME280_CalibratePress
 .text.BME280_CalibrateHum
                0x0000000008003088      0x18c build/bme280.o
                0x0000000008003088                BME280_CalibrateHum
 .text.BME280_ReadRegister
                0x0000000008003214       0x20 build/bme280.o
                0x0000000008003214                BME280_ReadRegister
 .text.BME280_ReadRegisters
                0x0000000008003234       0x1e build/bme280.o
                0x0000000008003234                BME280_ReadRegisters
 .text.BME280_ReadCalibrationData
                0x0000000008003252      0x12c build/bme280.o
                0x0000000008003252                BME280_ReadCalibrationData
 .text.BME280_ReadData
                0x000000000800337e       0x7a build/bme280.o
                0x000000000800337e                BME280_ReadData
 .text.BME280_WriteRegister
                0x00000000080033f8       0x20 build/bme280.o
                0x00000000080033f8                BME280_WriteRegister
 .text.BME280_Initialise
                0x0000000008003418       0xba build/bme280.o
                0x0000000008003418                BME280_Initialise
 .text.BME280_PerformMeasurements
                0x00000000080034d2       0x42 build/bme280.o
                0x00000000080034d2                BME280_PerformMeasurements
 *fill*         0x0000000008003514        0x4 
 .text.HAL_TIM_IC_CaptureCallback
                0x0000000008003518       0xdc build/hcsr04.o
                0x0000000008003518                HAL_TIM_IC_CaptureCallback
 .text.SH_init  0x00000000080035f4        0x4 build/sh.o
                0x00000000080035f4                SH_init
 .text.SH_ReadData
                0x00000000080035f8       0x8c build/sh.o
                0x00000000080035f8                SH_ReadData
 .text.WIFI_Init
                0x0000000008003684       0xcc build/wifi.o
                0x0000000008003684                WIFI_Init
 .text.WIFI_SendRequestWithParams
                0x0000000008003750      0x178 build/wifi.o
                0x0000000008003750                WIFI_SendRequestWithParams
 .text._sbrk    0x00000000080038c8       0x48 build/sysmem.o
                0x00000000080038c8                _sbrk
 .text.NMI_Handler
                0x0000000008003910        0x2 build/stm32f4xx_it.o
                0x0000000008003910                NMI_Handler
 .text.HardFault_Handler
                0x0000000008003912        0x2 build/stm32f4xx_it.o
                0x0000000008003912                HardFault_Handler
 .text.MemManage_Handler
                0x0000000008003914        0x2 build/stm32f4xx_it.o
                0x0000000008003914                MemManage_Handler
 .text.BusFault_Handler
                0x0000000008003916        0x2 build/stm32f4xx_it.o
                0x0000000008003916                BusFault_Handler
 .text.UsageFault_Handler
                0x0000000008003918        0x2 build/stm32f4xx_it.o
                0x0000000008003918                UsageFault_Handler
 .text.SVC_Handler
                0x000000000800391a        0x2 build/stm32f4xx_it.o
                0x000000000800391a                SVC_Handler
 .text.DebugMon_Handler
                0x000000000800391c        0x2 build/stm32f4xx_it.o
                0x000000000800391c                DebugMon_Handler
 .text.PendSV_Handler
                0x000000000800391e        0x2 build/stm32f4xx_it.o
                0x000000000800391e                PendSV_Handler
 .text.SysTick_Handler
                0x0000000008003920        0x8 build/stm32f4xx_it.o
                0x0000000008003920                SysTick_Handler
 .text.TIM1_CC_IRQHandler
                0x0000000008003928       0x10 build/stm32f4xx_it.o
                0x0000000008003928                TIM1_CC_IRQHandler
 .text.TIM2_IRQHandler
                0x0000000008003938       0x10 build/stm32f4xx_it.o
                0x0000000008003938                TIM2_IRQHandler
 .text.USART1_IRQHandler
                0x0000000008003948       0x18 build/stm32f4xx_it.o
                0x0000000008003948                USART1_IRQHandler
 .text.HAL_MspInit
                0x0000000008003960       0x38 build/stm32f4xx_hal_msp.o
                0x0000000008003960                HAL_MspInit
 .text.ADC_Init
                0x0000000008003998      0x134 build/stm32f4xx_hal_adc.o
 .text.HAL_ADC_Init
                0x0000000008003acc       0x56 build/stm32f4xx_hal_adc.o
                0x0000000008003acc                HAL_ADC_Init
 *fill*         0x0000000008003b22        0x2 
 .text.HAL_ADC_Start
                0x0000000008003b24      0x144 build/stm32f4xx_hal_adc.o
                0x0000000008003b24                HAL_ADC_Start
 .text.HAL_ADC_Stop
                0x0000000008003c68       0x40 build/stm32f4xx_hal_adc.o
                0x0000000008003c68                HAL_ADC_Stop
 .text.HAL_ADC_PollForConversion
                0x0000000008003ca8       0xb8 build/stm32f4xx_hal_adc.o
                0x0000000008003ca8                HAL_ADC_PollForConversion
 .text.HAL_ADC_GetValue
                0x0000000008003d60        0x6 build/stm32f4xx_hal_adc.o
                0x0000000008003d60                HAL_ADC_GetValue
 *fill*         0x0000000008003d66        0x2 
 .text.HAL_ADC_ConfigChannel
                0x0000000008003d68      0x1a4 build/stm32f4xx_hal_adc.o
                0x0000000008003d68                HAL_ADC_ConfigChannel
 .text.HAL_RCC_OscConfig
                0x0000000008003f0c      0x3f8 build/stm32f4xx_hal_rcc.o
                0x0000000008003f0c                HAL_RCC_OscConfig
 .text.HAL_RCC_GetSysClockFreq
                0x0000000008004304       0xcc build/stm32f4xx_hal_rcc.o
                0x0000000008004304                HAL_RCC_GetSysClockFreq
 .text.HAL_RCC_ClockConfig
                0x00000000080043d0      0x160 build/stm32f4xx_hal_rcc.o
                0x00000000080043d0                HAL_RCC_ClockConfig
 .text.HAL_RCC_GetHCLKFreq
                0x0000000008004530        0xc build/stm32f4xx_hal_rcc.o
                0x0000000008004530                HAL_RCC_GetHCLKFreq
 .text.HAL_RCC_GetPCLK1Freq
                0x000000000800453c       0x20 build/stm32f4xx_hal_rcc.o
                0x000000000800453c                HAL_RCC_GetPCLK1Freq
 .text.HAL_RCC_GetPCLK2Freq
                0x000000000800455c       0x20 build/stm32f4xx_hal_rcc.o
                0x000000000800455c                HAL_RCC_GetPCLK2Freq
 .text.HAL_GPIO_Init
                0x000000000800457c      0x1f0 build/stm32f4xx_hal_gpio.o
                0x000000000800457c                HAL_GPIO_Init
 .text.HAL_GPIO_WritePin
                0x000000000800476c        0xc build/stm32f4xx_hal_gpio.o
                0x000000000800476c                HAL_GPIO_WritePin
 .text.HAL_DMA_Abort
                0x0000000008004778       0x94 build/stm32f4xx_hal_dma.o
                0x0000000008004778                HAL_DMA_Abort
 .text.HAL_DMA_Abort_IT
                0x000000000800480c       0x26 build/stm32f4xx_hal_dma.o
                0x000000000800480c                HAL_DMA_Abort_IT
 *fill*         0x0000000008004832        0x2 
 .text.HAL_NVIC_SetPriorityGrouping
                0x0000000008004834       0x24 build/stm32f4xx_hal_cortex.o
                0x0000000008004834                HAL_NVIC_SetPriorityGrouping
 .text.HAL_NVIC_SetPriority
                0x0000000008004858       0x68 build/stm32f4xx_hal_cortex.o
                0x0000000008004858                HAL_NVIC_SetPriority
 .text.HAL_NVIC_EnableIRQ
                0x00000000080048c0       0x1c build/stm32f4xx_hal_cortex.o
                0x00000000080048c0                HAL_NVIC_EnableIRQ
 .text.HAL_NVIC_DisableIRQ
                0x00000000080048dc       0x24 build/stm32f4xx_hal_cortex.o
                0x00000000080048dc                HAL_NVIC_DisableIRQ
 .text.HAL_SYSTICK_Config
                0x0000000008004900       0x2c build/stm32f4xx_hal_cortex.o
                0x0000000008004900                HAL_SYSTICK_Config
 .text.HAL_InitTick
                0x000000000800492c       0x4c build/stm32f4xx_hal.o
                0x000000000800492c                HAL_InitTick
 .text.HAL_Init
                0x0000000008004978       0x34 build/stm32f4xx_hal.o
                0x0000000008004978                HAL_Init
 .text.HAL_IncTick
                0x00000000080049ac       0x18 build/stm32f4xx_hal.o
                0x00000000080049ac                HAL_IncTick
 .text.HAL_GetTick
                0x00000000080049c4        0xc build/stm32f4xx_hal.o
                0x00000000080049c4                HAL_GetTick
 .text.HAL_Delay
                0x00000000080049d0       0x28 build/stm32f4xx_hal.o
                0x00000000080049d0                HAL_Delay
 .text.I2C_IsAcknowledgeFailed
                0x00000000080049f8       0x32 build/stm32f4xx_hal_i2c.o
 .text.I2C_WaitOnFlagUntilTimeout
                0x0000000008004a2a       0x74 build/stm32f4xx_hal_i2c.o
 .text.I2C_WaitOnMasterAddressFlagUntilTimeout
                0x0000000008004a9e       0xaa build/stm32f4xx_hal_i2c.o
 .text.I2C_WaitOnTXEFlagUntilTimeout
                0x0000000008004b48       0x54 build/stm32f4xx_hal_i2c.o
 .text.I2C_RequestMemoryWrite
                0x0000000008004b9c       0xd8 build/stm32f4xx_hal_i2c.o
 .text.I2C_RequestMemoryRead
                0x0000000008004c74      0x154 build/stm32f4xx_hal_i2c.o
 .text.I2C_WaitOnBTFFlagUntilTimeout
                0x0000000008004dc8       0x54 build/stm32f4xx_hal_i2c.o
 .text.I2C_WaitOnRXNEFlagUntilTimeout
                0x0000000008004e1c       0x6a build/stm32f4xx_hal_i2c.o
 *fill*         0x0000000008004e86        0x2 
 .text.HAL_I2C_Init
                0x0000000008004e88      0x1bc build/stm32f4xx_hal_i2c.o
                0x0000000008004e88                HAL_I2C_Init
 .text.HAL_I2C_Mem_Write
                0x0000000008005044      0x164 build/stm32f4xx_hal_i2c.o
                0x0000000008005044                HAL_I2C_Mem_Write
 .text.HAL_I2C_Mem_Read
                0x00000000080051a8      0x2e4 build/stm32f4xx_hal_i2c.o
                0x00000000080051a8                HAL_I2C_Mem_Read
 .text.HAL_I2CEx_ConfigAnalogFilter
                0x000000000800548c       0x44 build/stm32f4xx_hal_i2c_ex.o
                0x000000000800548c                HAL_I2CEx_ConfigAnalogFilter
 .text.HAL_I2CEx_ConfigDigitalFilter
                0x00000000080054d0       0x42 build/stm32f4xx_hal_i2c_ex.o
                0x00000000080054d0                HAL_I2CEx_ConfigDigitalFilter
 .text.TIM_TI1_ConfigInputStage
                0x0000000008005512       0x24 build/stm32f4xx_hal_tim.o
 .text.TIM_TI2_SetConfig
                0x0000000008005536       0x34 build/stm32f4xx_hal_tim.o
 .text.TIM_TI2_ConfigInputStage
                0x000000000800556a       0x26 build/stm32f4xx_hal_tim.o
 .text.TIM_TI3_SetConfig
                0x0000000008005590       0x32 build/stm32f4xx_hal_tim.o
 .text.TIM_TI4_SetConfig
                0x00000000080055c2       0x34 build/stm32f4xx_hal_tim.o
 .text.TIM_ITRx_SetConfig
                0x00000000080055f6       0x10 build/stm32f4xx_hal_tim.o
 *fill*         0x0000000008005606        0x2 
 .text.HAL_TIM_Base_Start_IT
                0x0000000008005608       0x88 build/stm32f4xx_hal_tim.o
                0x0000000008005608                HAL_TIM_Base_Start_IT
 .text.HAL_TIM_ReadCapturedValue
                0x0000000008005690       0x32 build/stm32f4xx_hal_tim.o
                0x0000000008005690                HAL_TIM_ReadCapturedValue
 .text.HAL_TIM_OC_DelayElapsedCallback
                0x00000000080056c2        0x2 build/stm32f4xx_hal_tim.o
                0x00000000080056c2                HAL_TIM_OC_DelayElapsedCallback
 .text.HAL_TIM_PWM_PulseFinishedCallback
                0x00000000080056c4        0x2 build/stm32f4xx_hal_tim.o
                0x00000000080056c4                HAL_TIM_PWM_PulseFinishedCallback
 .text.HAL_TIM_TriggerCallback
                0x00000000080056c6        0x2 build/stm32f4xx_hal_tim.o
                0x00000000080056c6                HAL_TIM_TriggerCallback
 .text.HAL_TIM_IRQHandler
                0x00000000080056c8      0x17a build/stm32f4xx_hal_tim.o
                0x00000000080056c8                HAL_TIM_IRQHandler
 *fill*         0x0000000008005842        0x2 
 .text.TIM_Base_SetConfig
                0x0000000008005844       0xc8 build/stm32f4xx_hal_tim.o
                0x0000000008005844                TIM_Base_SetConfig
 .text.HAL_TIM_Base_Init
                0x000000000800590c       0x58 build/stm32f4xx_hal_tim.o
                0x000000000800590c                HAL_TIM_Base_Init
 .text.HAL_TIM_IC_Init
                0x0000000008005964       0x58 build/stm32f4xx_hal_tim.o
                0x0000000008005964                HAL_TIM_IC_Init
 .text.TIM_TI1_SetConfig
                0x00000000080059bc       0x78 build/stm32f4xx_hal_tim.o
                0x00000000080059bc                TIM_TI1_SetConfig
 .text.HAL_TIM_IC_ConfigChannel
                0x0000000008005a34       0xc4 build/stm32f4xx_hal_tim.o
                0x0000000008005a34                HAL_TIM_IC_ConfigChannel
 .text.TIM_ETR_SetConfig
                0x0000000008005af8       0x18 build/stm32f4xx_hal_tim.o
                0x0000000008005af8                TIM_ETR_SetConfig
 .text.HAL_TIM_ConfigClockSource
                0x0000000008005b10       0xfe build/stm32f4xx_hal_tim.o
                0x0000000008005b10                HAL_TIM_ConfigClockSource
 .text.TIM_CCxChannelCmd
                0x0000000008005c0e       0x24 build/stm32f4xx_hal_tim.o
                0x0000000008005c0e                TIM_CCxChannelCmd
 *fill*         0x0000000008005c32        0x2 
 .text.HAL_TIM_IC_Start_IT
                0x0000000008005c34      0x174 build/stm32f4xx_hal_tim.o
                0x0000000008005c34                HAL_TIM_IC_Start_IT
 .text.HAL_TIMEx_MasterConfigSynchronization
                0x0000000008005da8       0x88 build/stm32f4xx_hal_tim_ex.o
                0x0000000008005da8                HAL_TIMEx_MasterConfigSynchronization
 .text.HAL_TIMEx_CommutCallback
                0x0000000008005e30        0x2 build/stm32f4xx_hal_tim_ex.o
                0x0000000008005e30                HAL_TIMEx_CommutCallback
 .text.HAL_TIMEx_BreakCallback
                0x0000000008005e32        0x2 build/stm32f4xx_hal_tim_ex.o
                0x0000000008005e32                HAL_TIMEx_BreakCallback
 .text.UART_EndRxTransfer
                0x0000000008005e34       0x5c build/stm32f4xx_hal_uart.o
 .text.UART_Transmit_IT
                0x0000000008005e90       0x60 build/stm32f4xx_hal_uart.o
 .text.UART_SetConfig
                0x0000000008005ef0      0x11c build/stm32f4xx_hal_uart.o
 .text.UART_WaitOnFlagUntilTimeout
                0x000000000800600c       0x84 build/stm32f4xx_hal_uart.o
 .text.HAL_UART_Init
                0x0000000008006090       0x5e build/stm32f4xx_hal_uart.o
                0x0000000008006090                HAL_UART_Init
 .text.HAL_UART_Transmit
                0x00000000080060ee       0xd8 build/stm32f4xx_hal_uart.o
                0x00000000080060ee                HAL_UART_Transmit
 .text.HAL_UART_TxCpltCallback
                0x00000000080061c6        0x2 build/stm32f4xx_hal_uart.o
                0x00000000080061c6                HAL_UART_TxCpltCallback
 .text.UART_EndTransmit_IT
                0x00000000080061c8       0x1a build/stm32f4xx_hal_uart.o
 .text.HAL_UART_RxCpltCallback
                0x00000000080061e2        0x2 build/stm32f4xx_hal_uart.o
                0x00000000080061e2                HAL_UART_RxCpltCallback
 .text.HAL_UART_ErrorCallback
                0x00000000080061e4        0x2 build/stm32f4xx_hal_uart.o
                0x00000000080061e4                HAL_UART_ErrorCallback
 .text.UART_DMAAbortOnError
                0x00000000080061e6       0x10 build/stm32f4xx_hal_uart.o
 .text.HAL_UARTEx_RxEventCallback
                0x00000000080061f6        0x2 build/stm32f4xx_hal_uart.o
                0x00000000080061f6                HAL_UARTEx_RxEventCallback
 .text.UART_Receive_IT
                0x00000000080061f8       0xe2 build/stm32f4xx_hal_uart.o
 *fill*         0x00000000080062da        0x2 
 .text.HAL_UART_IRQHandler
                0x00000000080062dc      0x280 build/stm32f4xx_hal_uart.o
                0x00000000080062dc                HAL_UART_IRQHandler
 .text.SystemInit
                0x000000000800655c       0x14 build/system_stm32f4xx.o
                0x000000000800655c                SystemInit
 .text.Reset_Handler
                0x0000000008006570       0x50 build/startup_stm32f429xx.o
                0x0000000008006570                Reset_Handler
 .text.Default_Handler
                0x00000000080065c0        0x2 build/startup_stm32f429xx.o
                0x00000000080065c0                RTC_Alarm_IRQHandler
                0x00000000080065c0                HASH_RNG_IRQHandler
                0x00000000080065c0                EXTI2_IRQHandler
                0x00000000080065c0                TIM8_CC_IRQHandler
                0x00000000080065c0                UART8_IRQHandler
                0x00000000080065c0                SPI4_IRQHandler
                0x00000000080065c0                DMA2_Stream5_IRQHandler
                0x00000000080065c0                DMA1_Stream5_IRQHandler
                0x00000000080065c0                PVD_IRQHandler
                0x00000000080065c0                SDIO_IRQHandler
                0x00000000080065c0                TAMP_STAMP_IRQHandler
                0x00000000080065c0                CAN2_RX1_IRQHandler
                0x00000000080065c0                EXTI3_IRQHandler
                0x00000000080065c0                TIM8_TRG_COM_TIM14_IRQHandler
                0x00000000080065c0                TIM1_UP_TIM10_IRQHandler
                0x00000000080065c0                TIM8_UP_TIM13_IRQHandler
                0x00000000080065c0                I2C3_ER_IRQHandler
                0x00000000080065c0                EXTI0_IRQHandler
                0x00000000080065c0                I2C2_EV_IRQHandler
                0x00000000080065c0                DMA1_Stream2_IRQHandler
                0x00000000080065c0                CAN1_RX0_IRQHandler
                0x00000000080065c0                FPU_IRQHandler
                0x00000000080065c0                OTG_HS_WKUP_IRQHandler
                0x00000000080065c0                LTDC_ER_IRQHandler
                0x00000000080065c0                CAN2_SCE_IRQHandler
                0x00000000080065c0                DMA2_Stream2_IRQHandler
                0x00000000080065c0                SPI1_IRQHandler
                0x00000000080065c0                TIM6_DAC_IRQHandler
                0x00000000080065c0                TIM1_BRK_TIM9_IRQHandler
                0x00000000080065c0                DCMI_IRQHandler
                0x00000000080065c0                CAN2_RX0_IRQHandler
                0x00000000080065c0                DMA2_Stream3_IRQHandler
                0x00000000080065c0                USART6_IRQHandler
                0x00000000080065c0                USART3_IRQHandler
                0x00000000080065c0                CAN1_RX1_IRQHandler
                0x00000000080065c0                UART5_IRQHandler
                0x00000000080065c0                DMA2_Stream0_IRQHandler
                0x00000000080065c0                TIM4_IRQHandler
                0x00000000080065c0                I2C1_EV_IRQHandler
                0x00000000080065c0                DMA1_Stream6_IRQHandler
                0x00000000080065c0                DMA1_Stream1_IRQHandler
                0x00000000080065c0                UART4_IRQHandler
                0x00000000080065c0                TIM3_IRQHandler
                0x00000000080065c0                RCC_IRQHandler
                0x00000000080065c0                TIM8_BRK_TIM12_IRQHandler
                0x00000000080065c0                Default_Handler
                0x00000000080065c0                EXTI15_10_IRQHandler
                0x00000000080065c0                ADC_IRQHandler
                0x00000000080065c0                DMA1_Stream7_IRQHandler
                0x00000000080065c0                SPI5_IRQHandler
                0x00000000080065c0                TIM7_IRQHandler
                0x00000000080065c0                CAN2_TX_IRQHandler
                0x00000000080065c0                TIM5_IRQHandler
                0x00000000080065c0                DMA2_Stream7_IRQHandler
                0x00000000080065c0                I2C3_EV_IRQHandler
                0x00000000080065c0                EXTI9_5_IRQHandler
                0x00000000080065c0                RTC_WKUP_IRQHandler
                0x00000000080065c0                LTDC_IRQHandler
                0x00000000080065c0                ETH_WKUP_IRQHandler
                0x00000000080065c0                SPI2_IRQHandler
                0x00000000080065c0                OTG_HS_EP1_IN_IRQHandler
                0x00000000080065c0                DMA1_Stream0_IRQHandler
                0x00000000080065c0                CAN1_TX_IRQHandler
                0x00000000080065c0                EXTI4_IRQHandler
                0x00000000080065c0                ETH_IRQHandler
                0x00000000080065c0                OTG_HS_EP1_OUT_IRQHandler
                0x00000000080065c0                WWDG_IRQHandler
                0x00000000080065c0                SPI6_IRQHandler
                0x00000000080065c0                OTG_FS_WKUP_IRQHandler
                0x00000000080065c0                TIM1_TRG_COM_TIM11_IRQHandler
                0x00000000080065c0                OTG_HS_IRQHandler
                0x00000000080065c0                DMA2D_IRQHandler
                0x00000000080065c0                EXTI1_IRQHandler
                0x00000000080065c0                UART7_IRQHandler
                0x00000000080065c0                USART2_IRQHandler
                0x00000000080065c0                I2C2_ER_IRQHandler
                0x00000000080065c0                DMA2_Stream1_IRQHandler
                0x00000000080065c0                CAN1_SCE_IRQHandler
                0x00000000080065c0                FLASH_IRQHandler
                0x00000000080065c0                DMA2_Stream4_IRQHandler
                0x00000000080065c0                OTG_FS_IRQHandler
                0x00000000080065c0                SPI3_IRQHandler
                0x00000000080065c0                DMA1_Stream4_IRQHandler
                0x00000000080065c0                I2C1_ER_IRQHandler
                0x00000000080065c0                FMC_IRQHandler
                0x00000000080065c0                DMA2_Stream6_IRQHandler
                0x00000000080065c0                SAI1_IRQHandler
                0x00000000080065c0                DMA1_Stream3_IRQHandler
 *(.glue_7)
 .glue_7        0x00000000080065c2        0x0 linker stubs
 *(.glue_7t)
 .glue_7t       0x00000000080065c2        0x0 linker stubs
 *(.eh_frame)
 *fill*         0x00000000080065c2        0x2 
 .eh_frame      0x00000000080065c4        0x0 /usr/lib/gcc/arm-none-eabi/9.2.1/thumb/v7e-m+fp/hard/crtbegin.o
 *(.init)
 .init          0x00000000080065c4        0x4 /usr/lib/gcc/arm-none-eabi/9.2.1/thumb/v7e-m+fp/hard/crti.o
                0x00000000080065c4                _init
 .init          0x00000000080065c8        0x8 /usr/lib/gcc/arm-none-eabi/9.2.1/thumb/v7e-m+fp/hard/crtn.o
 *(.fini)
 .fini          0x00000000080065d0        0x4 /usr/lib/gcc/arm-none-eabi/9.2.1/thumb/v7e-m+fp/hard/crti.o
                0x00000000080065d0                _fini
 .fini          0x00000000080065d4        0x8 /usr/lib/gcc/arm-none-eabi/9.2.1/thumb/v7e-m+fp/hard/crtn.o
                0x00000000080065dc                . = ALIGN (0x4)
                0x00000000080065dc                _etext = .

.vfp11_veneer   0x00000000080065dc        0x0
 .vfp11_veneer  0x00000000080065dc        0x0 linker stubs

.v4_bx          0x00000000080065dc        0x0
 .v4_bx         0x00000000080065dc        0x0 linker stubs

.iplt           0x00000000080065dc        0x0
 .iplt          0x00000000080065dc        0x0 /usr/lib/gcc/arm-none-eabi/9.2.1/thumb/v7e-m+fp/hard/crtbegin.o

.rodata         0x00000000080065dc      0x180
                0x00000000080065dc                . = ALIGN (0x4)
 *(.rodata)
 *(.rodata*)
 .rodata.main.str1.4
                0x00000000080065dc       0x37 build/main.o
 *fill*         0x0000000008006613        0x1 
 .rodata.USART1_WaitForTrueOrFalse.str1.4
                0x0000000008006614        0xe build/usart.o
 *fill*         0x0000000008006622        0x2 
 .rodata.WIFI_Init.str1.4
                0x0000000008006624       0x47 build/wifi.o
 *fill*         0x000000000800666b        0x1 
 .rodata.WIFI_SendRequestWithParams.str1.4
                0x000000000800666c       0x9c build/wifi.o
 .rodata.AHBPrescTable
                0x0000000008006708       0x10 build/system_stm32f4xx.o
                0x0000000008006708                AHBPrescTable
 .rodata.APBPrescTable
                0x0000000008006718        0x8 build/system_stm32f4xx.o
                0x0000000008006718                APBPrescTable
 .rodata.str1.4
                0x0000000008006720       0x13 /usr/lib/gcc/arm-none-eabi/9.2.1/../../../arm-none-eabi/lib/thumb/v7e-m+fp/hard/libc_nano.a(lib_a-nano-svfprintf.o)
 *fill*         0x0000000008006733        0x1 
 .rodata.str1.4
                0x0000000008006734       0x25 /usr/lib/gcc/arm-none-eabi/9.2.1/../../../arm-none-eabi/lib/thumb/v7e-m+fp/hard/libc_nano.a(lib_a-nano-vfprintf_i.o)
                0x000000000800675c                . = ALIGN (0x4)
 *fill*         0x0000000008006759        0x3 

.ARM.extab
 *(.ARM.extab* .gnu.linkonce.armextab.*)

.ARM            0x000000000800675c        0x8
                0x000000000800675c                __exidx_start = .
 *(.ARM.exidx*)
 .ARM.exidx     0x000000000800675c        0x8 /usr/lib/gcc/arm-none-eabi/9.2.1/thumb/v7e-m+fp/hard/libgcc.a(_udivmoddi4.o)
                0x0000000008006764                __exidx_end = .

.rel.dyn        0x0000000008006764        0x0
 .rel.iplt      0x0000000008006764        0x0 /usr/lib/gcc/arm-none-eabi/9.2.1/thumb/v7e-m+fp/hard/crtbegin.o

.preinit_array  0x0000000008006764        0x0
                0x0000000008006764                PROVIDE (__preinit_array_start = .)
 *(.preinit_array*)
                0x0000000008006764                PROVIDE (__preinit_array_end = .)

.init_array     0x0000000008006764        0x4
                0x0000000008006764                PROVIDE (__init_array_start = .)
 *(SORT_BY_NAME(.init_array.*))
 *(.init_array*)
 .init_array    0x0000000008006764        0x4 /usr/lib/gcc/arm-none-eabi/9.2.1/thumb/v7e-m+fp/hard/crtbegin.o
                0x0000000008006768                PROVIDE (__init_array_end = .)

.fini_array     0x0000000008006768        0x4
                0x0000000008006768                PROVIDE (__fini_array_start = .)
 *(SORT_BY_NAME(.fini_array.*))
 *(.fini_array*)
 .fini_array    0x0000000008006768        0x4 /usr/lib/gcc/arm-none-eabi/9.2.1/thumb/v7e-m+fp/hard/crtbegin.o
                0x000000000800676c                PROVIDE (__fini_array_end = .)
                0x000000000800676c                _sidata = LOADADDR (.data)

.data           0x0000000020000000       0x70 load address 0x000000000800676c
                0x0000000020000000                . = ALIGN (0x4)
                0x0000000020000000                _sdata = .
 *(.data)
 .data          0x0000000020000000       0x64 /usr/lib/gcc/arm-none-eabi/9.2.1/../../../arm-none-eabi/lib/thumb/v7e-m+fp/hard/libc_nano.a(lib_a-impure.o)
                0x0000000020000000                _impure_ptr
 *(.data*)
 .data.uwTickFreq
                0x0000000020000064        0x1 build/stm32f4xx_hal.o
                0x0000000020000064                uwTickFreq
 *fill*         0x0000000020000065        0x3 
 .data.uwTickPrio
                0x0000000020000068        0x4 build/stm32f4xx_hal.o
                0x0000000020000068                uwTickPrio
 .data.SystemCoreClock
                0x000000002000006c        0x4 build/system_stm32f4xx.o
                0x000000002000006c                SystemCoreClock
                0x0000000020000070                . = ALIGN (0x4)
                0x0000000020000070                _edata = .
                0x00000000080067dc                _siccmram = LOADADDR (.ccmram)

.tm_clone_table
                0x0000000020000070        0x0 load address 0x00000000080067dc
 .tm_clone_table
                0x0000000020000070        0x0 /usr/lib/gcc/arm-none-eabi/9.2.1/thumb/v7e-m+fp/hard/crtbegin.o
 .tm_clone_table
                0x0000000020000070        0x0 /usr/lib/gcc/arm-none-eabi/9.2.1/thumb/v7e-m+fp/hard/crtend.o

.igot.plt       0x0000000020000070        0x0 load address 0x00000000080067dc
 .igot.plt      0x0000000020000070        0x0 /usr/lib/gcc/arm-none-eabi/9.2.1/thumb/v7e-m+fp/hard/crtbegin.o

.ccmram         0x0000000010000000        0x0 load address 0x00000000080067dc
                0x0000000010000000                . = ALIGN (0x4)
                0x0000000010000000                _sccmram = .
 *(.ccmram)
 *(.ccmram*)
                0x0000000010000000                . = ALIGN (0x4)
                0x0000000010000000                _eccmram = .
                0x0000000010000000                . = ALIGN (0x4)

.bss            0x0000000020000070      0x420
                0x0000000020000070                _sbss = .
                0x0000000020000070                __bss_start__ = _sbss
 *(.bss)
 .bss           0x0000000020000070       0x1c /usr/lib/gcc/arm-none-eabi/9.2.1/thumb/v7e-m+fp/hard/crtbegin.o
 .bss           0x000000002000008c        0x8 /usr/lib/gcc/arm-none-eabi/9.2.1/../../../arm-none-eabi/lib/thumb/v7e-m+fp/hard/libc_nano.a(lib_a-nano-mallocr.o)
                0x000000002000008c                __malloc_free_list
                0x0000000020000090                __malloc_sbrk_start
 *(.bss*)
 .bss.Difference
                0x0000000020000094        0x4 build/hcsr04.o
                0x0000000020000094                Difference
 .bss.Distance  0x0000000020000098        0x1 build/hcsr04.o
                0x0000000020000098                Distance
 *fill*         0x0000000020000099        0x3 
 .bss.IC_Val1   0x000000002000009c        0x4 build/hcsr04.o
                0x000000002000009c                IC_Val1
 .bss.IC_Val2   0x00000000200000a0        0x4 build/hcsr04.o
                0x00000000200000a0                IC_Val2
 .bss.Is_First_Captured
                0x00000000200000a4        0x1 build/hcsr04.o
                0x00000000200000a4                Is_First_Captured
 *fill*         0x00000000200000a5        0x3 
 .bss.__sbrk_heap_end
                0x00000000200000a8        0x4 build/sysmem.o
 *(COMMON)
 *fill*         0x00000000200000ac        0x4 
 COMMON         0x00000000200000b0       0x60 build/main.o
                0x00000000200000b0                senzor_zrak
                0x0000000020000100                senzor_tlo
 COMMON         0x0000000020000110       0x48 build/adc.o
                0x0000000020000110                hadc3
 COMMON         0x0000000020000158       0x54 build/i2c.o
                0x0000000020000158                hi2c3
 COMMON         0x00000000200001ac       0x94 build/tim.o
                0x00000000200001ac                timer2_Ticks_Millisec
                0x00000000200001b0                htim1
                0x00000000200001f8                htim2
 COMMON         0x0000000020000240      0x248 build/usart.o
                0x0000000020000240                RX_BUFFER
                0x0000000020000440                huart1
                0x0000000020000484                RX_BUFFER_HEAD
 COMMON         0x0000000020000488        0x4 build/stm32f4xx_hal.o
                0x0000000020000488                uwTick
 COMMON         0x000000002000048c        0x4 /usr/lib/gcc/arm-none-eabi/9.2.1/../../../arm-none-eabi/lib/thumb/v7e-m+fp/hard/libc_nano.a(lib_a-reent.o)
                0x000000002000048c                errno
                0x0000000020000490                . = ALIGN (0x4)
                0x0000000020000490                _ebss = .
                0x0000000020000490                __bss_end__ = _ebss

._user_heap_stack
                0x0000000020000490      0x600
                0x0000000020000490                . = ALIGN (0x8)
                [!provide]                        PROVIDE (end = .)
                0x0000000020000490                PROVIDE (_end = .)
                0x0000000020000690                . = (. + _Min_Heap_Size)
 *fill*         0x0000000020000490      0x200 
                0x0000000020000a90                . = (. + _Min_Stack_Size)
 *fill*         0x0000000020000690      0x400 
                0x0000000020000a90                . = ALIGN (0x8)

/DISCARD/
 libc.a(*)
 libm.a(*)
 libgcc.a(*)

.ARM.attributes
                0x0000000000000000       0x30
 *(.ARM.attributes)
 .ARM.attributes
                0x0000000000000000       0x1e /usr/lib/gcc/arm-none-eabi/9.2.1/thumb/v7e-m+fp/hard/crti.o
 .ARM.attributes
                0x000000000000001e       0x34 /usr/lib/gcc/arm-none-eabi/9.2.1/thumb/v7e-m+fp/hard/crtbegin.o
 .ARM.attributes
                0x0000000000000052       0x34 build/main.o
 .ARM.attributes
                0x0000000000000086       0x34 build/gpio.o
 .ARM.attributes
                0x00000000000000ba       0x34 build/adc.o
 .ARM.attributes
                0x00000000000000ee       0x34 build/i2c.o
 .ARM.attributes
                0x0000000000000122       0x34 build/tim.o
 .ARM.attributes
                0x0000000000000156       0x34 build/usart.o
 .ARM.attributes
                0x000000000000018a       0x34 build/bme280.o
 .ARM.attributes
                0x00000000000001be       0x34 build/hcsr04.o
 .ARM.attributes
                0x00000000000001f2       0x34 build/sh.o
 .ARM.attributes
                0x0000000000000226       0x34 build/wifi.o
 .ARM.attributes
                0x000000000000025a       0x34 build/sysmem.o
 .ARM.attributes
                0x000000000000028e       0x34 build/stm32f4xx_it.o
 .ARM.attributes
                0x00000000000002c2       0x34 build/stm32f4xx_hal_msp.o
 .ARM.attributes
                0x00000000000002f6       0x34 build/stm32f4xx_hal_adc.o
 .ARM.attributes
                0x000000000000032a       0x34 build/stm32f4xx_hal_rcc.o
 .ARM.attributes
                0x000000000000035e       0x34 build/stm32f4xx_hal_gpio.o
 .ARM.attributes
                0x0000000000000392       0x34 build/stm32f4xx_hal_dma.o
 .ARM.attributes
                0x00000000000003c6       0x34 build/stm32f4xx_hal_cortex.o
 .ARM.attributes
                0x00000000000003fa       0x34 build/stm32f4xx_hal.o
 .ARM.attributes
                0x000000000000042e       0x34 build/stm32f4xx_hal_i2c.o
 .ARM.attributes
                0x0000000000000462       0x34 build/stm32f4xx_hal_i2c_ex.o
 .ARM.attributes
                0x0000000000000496       0x34 build/stm32f4xx_hal_tim.o
 .ARM.attributes
                0x00000000000004ca       0x34 build/stm32f4xx_hal_tim_ex.o
 .ARM.attributes
                0x00000000000004fe       0x34 build/stm32f4xx_hal_uart.o
 .ARM.attributes
                0x0000000000000532       0x34 build/system_stm32f4xx.o
 .ARM.attributes
                0x0000000000000566       0x21 build/startup_stm32f429xx.o
 .ARM.attributes
                0x0000000000000587       0x34 /usr/lib/gcc/arm-none-eabi/9.2.1/../../../arm-none-eabi/lib/thumb/v7e-m+fp/hard/libc_nano.a(lib_a-errno.o)
 .ARM.attributes
                0x00000000000005bb       0x32 /usr/lib/gcc/arm-none-eabi/9.2.1/../../../arm-none-eabi/lib/thumb/v7e-m+fp/hard/libc_nano.a(lib_a-impure.o)
 .ARM.attributes
                0x00000000000005ed       0x34 /usr/lib/gcc/arm-none-eabi/9.2.1/../../../arm-none-eabi/lib/thumb/v7e-m+fp/hard/libc_nano.a(lib_a-init.o)
 .ARM.attributes
                0x0000000000000621       0x34 /usr/lib/gcc/arm-none-eabi/9.2.1/../../../arm-none-eabi/lib/thumb/v7e-m+fp/hard/libc_nano.a(lib_a-memset.o)
 .ARM.attributes
                0x0000000000000655       0x34 /usr/lib/gcc/arm-none-eabi/9.2.1/../../../arm-none-eabi/lib/thumb/v7e-m+fp/hard/libc_nano.a(lib_a-sprintf.o)
 .ARM.attributes
                0x0000000000000689       0x34 /usr/lib/gcc/arm-none-eabi/9.2.1/../../../arm-none-eabi/lib/thumb/v7e-m+fp/hard/libc_nano.a(lib_a-strcpy.o)
 .ARM.attributes
                0x00000000000006bd       0x1c /usr/lib/gcc/arm-none-eabi/9.2.1/../../../arm-none-eabi/lib/thumb/v7e-m+fp/hard/libc_nano.a(lib_a-strlen.o)
 .ARM.attributes
                0x00000000000006d9       0x34 /usr/lib/gcc/arm-none-eabi/9.2.1/../../../arm-none-eabi/lib/thumb/v7e-m+fp/hard/libc_nano.a(lib_a-strstr.o)
 .ARM.attributes
                0x000000000000070d       0x34 /usr/lib/gcc/arm-none-eabi/9.2.1/../../../arm-none-eabi/lib/thumb/v7e-m+fp/hard/libc_nano.a(lib_a-memcmp.o)
 .ARM.attributes
                0x0000000000000741       0x34 /usr/lib/gcc/arm-none-eabi/9.2.1/../../../arm-none-eabi/lib/thumb/v7e-m+fp/hard/libc_nano.a(lib_a-nano-svfprintf.o)
 .ARM.attributes
                0x0000000000000775       0x34 /usr/lib/gcc/arm-none-eabi/9.2.1/../../../arm-none-eabi/lib/thumb/v7e-m+fp/hard/libc_nano.a(lib_a-nano-vfprintf_i.o)
 .ARM.attributes
                0x00000000000007a9       0x34 /usr/lib/gcc/arm-none-eabi/9.2.1/../../../arm-none-eabi/lib/thumb/v7e-m+fp/hard/libc_nano.a(lib_a-strchr.o)
 .ARM.attributes
                0x00000000000007dd       0x34 /usr/lib/gcc/arm-none-eabi/9.2.1/../../../arm-none-eabi/lib/thumb/v7e-m+fp/hard/libc_nano.a(lib_a-strnlen.o)
 .ARM.attributes
                0x0000000000000811       0x1c /usr/lib/gcc/arm-none-eabi/9.2.1/../../../arm-none-eabi/lib/thumb/v7e-m+fp/hard/libc_nano.a(lib_a-memchr.o)
 .ARM.attributes
                0x000000000000082d       0x1c /usr/lib/gcc/arm-none-eabi/9.2.1/../../../arm-none-eabi/lib/thumb/v7e-m+fp/hard/libc_nano.a(lib_a-memcpy.o)
 .ARM.attributes
                0x0000000000000849       0x34 /usr/lib/gcc/arm-none-eabi/9.2.1/../../../arm-none-eabi/lib/thumb/v7e-m+fp/hard/libc_nano.a(lib_a-memmove.o)
 .ARM.attributes
                0x000000000000087d       0x34 /usr/lib/gcc/arm-none-eabi/9.2.1/../../../arm-none-eabi/lib/thumb/v7e-m+fp/hard/libc_nano.a(lib_a-nano-freer.o)
 .ARM.attributes
                0x00000000000008b1       0x34 /usr/lib/gcc/arm-none-eabi/9.2.1/../../../arm-none-eabi/lib/thumb/v7e-m+fp/hard/libc_nano.a(lib_a-nano-mallocr.o)
 .ARM.attributes
                0x00000000000008e5       0x34 /usr/lib/gcc/arm-none-eabi/9.2.1/../../../arm-none-eabi/lib/thumb/v7e-m+fp/hard/libc_nano.a(lib_a-nano-reallocr.o)
 .ARM.attributes
                0x0000000000000919       0x34 /usr/lib/gcc/arm-none-eabi/9.2.1/../../../arm-none-eabi/lib/thumb/v7e-m+fp/hard/libc_nano.a(lib_a-sbrkr.o)
 .ARM.attributes
                0x000000000000094d       0x34 /usr/lib/gcc/arm-none-eabi/9.2.1/../../../arm-none-eabi/lib/thumb/v7e-m+fp/hard/libc_nano.a(lib_a-mlock.o)
 .ARM.attributes
                0x0000000000000981       0x34 /usr/lib/gcc/arm-none-eabi/9.2.1/../../../arm-none-eabi/lib/thumb/v7e-m+fp/hard/libc_nano.a(lib_a-nano-msizer.o)
 .ARM.attributes
                0x00000000000009b5       0x34 /usr/lib/gcc/arm-none-eabi/9.2.1/../../../arm-none-eabi/lib/thumb/v7e-m+fp/hard/libc_nano.a(lib_a-reent.o)
 .ARM.attributes
                0x00000000000009e9       0x1e /usr/lib/gcc/arm-none-eabi/9.2.1/thumb/v7e-m+fp/hard/libgcc.a(_arm_addsubdf3.o)
 .ARM.attributes
                0x0000000000000a07       0x1e /usr/lib/gcc/arm-none-eabi/9.2.1/thumb/v7e-m+fp/hard/libgcc.a(_arm_muldivdf3.o)
 .ARM.attributes
                0x0000000000000a25       0x1e /usr/lib/gcc/arm-none-eabi/9.2.1/thumb/v7e-m+fp/hard/libgcc.a(_arm_cmpdf2.o)
 .ARM.attributes
                0x0000000000000a43       0x1e /usr/lib/gcc/arm-none-eabi/9.2.1/thumb/v7e-m+fp/hard/libgcc.a(_arm_fixdfsi.o)
 .ARM.attributes
                0x0000000000000a61       0x1e /usr/lib/gcc/arm-none-eabi/9.2.1/thumb/v7e-m+fp/hard/libgcc.a(_arm_fixunsdfsi.o)
 .ARM.attributes
                0x0000000000000a7f       0x1e /usr/lib/gcc/arm-none-eabi/9.2.1/thumb/v7e-m+fp/hard/libgcc.a(_aeabi_uldivmod.o)
 .ARM.attributes
                0x0000000000000a9d       0x34 /usr/lib/gcc/arm-none-eabi/9.2.1/thumb/v7e-m+fp/hard/libgcc.a(_udivmoddi4.o)
 .ARM.attributes
                0x0000000000000ad1       0x1e /usr/lib/gcc/arm-none-eabi/9.2.1/thumb/v7e-m+fp/hard/libgcc.a(_dvmd_tls.o)
 .ARM.attributes
                0x0000000000000aef       0x32 /usr/lib/gcc/arm-none-eabi/9.2.1/thumb/v7e-m+fp/hard/crtend.o
 .ARM.attributes
                0x0000000000000b21       0x1e /usr/lib/gcc/arm-none-eabi/9.2.1/thumb/v7e-m+fp/hard/crtn.o
OUTPUT(build/dream-team-projekt-stm32.elf elf32-littlearm)
LOAD linker stubs
LOAD /usr/lib/gcc/arm-none-eabi/9.2.1/../../../arm-none-eabi/lib/thumb/v7e-m+fp/hard/libc.a
LOAD /usr/lib/gcc/arm-none-eabi/9.2.1/../../../arm-none-eabi/lib/thumb/v7e-m+fp/hard/libm.a
LOAD /usr/lib/gcc/arm-none-eabi/9.2.1/thumb/v7e-m+fp/hard/libgcc.a

.comment        0x0000000000000000       0xa7
 .comment       0x0000000000000000       0x59 /usr/lib/gcc/arm-none-eabi/9.2.1/thumb/v7e-m+fp/hard/crtbegin.o
                                         0x5a (size before relaxing)
 .comment       0x0000000000000059       0x5a build/main.o
 .comment       0x0000000000000059       0x5a build/gpio.o
 .comment       0x0000000000000059       0x5a build/adc.o
 .comment       0x0000000000000059       0x5a build/i2c.o
 .comment       0x0000000000000059       0x5a build/tim.o
 .comment       0x0000000000000059       0x5a build/usart.o
 .comment       0x0000000000000059       0x5a build/bme280.o
 .comment       0x0000000000000059       0x5a build/hcsr04.o
 .comment       0x0000000000000059       0x5a build/sh.o
 .comment       0x0000000000000059       0x5a build/wifi.o
 .comment       0x0000000000000059       0x5a build/sysmem.o
 .comment       0x0000000000000059       0x5a build/stm32f4xx_it.o
 .comment       0x0000000000000059       0x5a build/stm32f4xx_hal_msp.o
 .comment       0x0000000000000059       0x5a build/stm32f4xx_hal_adc.o
 .comment       0x0000000000000059       0x5a build/stm32f4xx_hal_rcc.o
 .comment       0x0000000000000059       0x5a build/stm32f4xx_hal_gpio.o
 .comment       0x0000000000000059       0x5a build/stm32f4xx_hal_dma.o
 .comment       0x0000000000000059       0x5a build/stm32f4xx_hal_cortex.o
 .comment       0x0000000000000059       0x5a build/stm32f4xx_hal.o
 .comment       0x0000000000000059       0x5a build/stm32f4xx_hal_i2c.o
 .comment       0x0000000000000059       0x5a build/stm32f4xx_hal_i2c_ex.o
 .comment       0x0000000000000059       0x5a build/stm32f4xx_hal_tim.o
 .comment       0x0000000000000059       0x5a build/stm32f4xx_hal_tim_ex.o
 .comment       0x0000000000000059       0x5a build/stm32f4xx_hal_uart.o
 .comment       0x0000000000000059       0x5a build/system_stm32f4xx.o
 .comment       0x0000000000000059       0x4e /usr/lib/gcc/arm-none-eabi/9.2.1/../../../arm-none-eabi/lib/thumb/v7e-m+fp/hard/libc_nano.a(lib_a-errno.o)
                                         0x4f (size before relaxing)
 .comment       0x00000000000000a7       0x4f /usr/lib/gcc/arm-none-eabi/9.2.1/../../../arm-none-eabi/lib/thumb/v7e-m+fp/hard/libc_nano.a(lib_a-impure.o)
 .comment       0x00000000000000a7       0x4f /usr/lib/gcc/arm-none-eabi/9.2.1/../../../arm-none-eabi/lib/thumb/v7e-m+fp/hard/libc_nano.a(lib_a-init.o)
 .comment       0x00000000000000a7       0x4f /usr/lib/gcc/arm-none-eabi/9.2.1/../../../arm-none-eabi/lib/thumb/v7e-m+fp/hard/libc_nano.a(lib_a-memset.o)
 .comment       0x00000000000000a7       0x4f /usr/lib/gcc/arm-none-eabi/9.2.1/../../../arm-none-eabi/lib/thumb/v7e-m+fp/hard/libc_nano.a(lib_a-sprintf.o)
 .comment       0x00000000000000a7       0x4f /usr/lib/gcc/arm-none-eabi/9.2.1/../../../arm-none-eabi/lib/thumb/v7e-m+fp/hard/libc_nano.a(lib_a-strcpy.o)
 .comment       0x00000000000000a7       0x4f /usr/lib/gcc/arm-none-eabi/9.2.1/../../../arm-none-eabi/lib/thumb/v7e-m+fp/hard/libc_nano.a(lib_a-strstr.o)
 .comment       0x00000000000000a7       0x4f /usr/lib/gcc/arm-none-eabi/9.2.1/../../../arm-none-eabi/lib/thumb/v7e-m+fp/hard/libc_nano.a(lib_a-memcmp.o)
 .comment       0x00000000000000a7       0x4f /usr/lib/gcc/arm-none-eabi/9.2.1/../../../arm-none-eabi/lib/thumb/v7e-m+fp/hard/libc_nano.a(lib_a-nano-svfprintf.o)
 .comment       0x00000000000000a7       0x4f /usr/lib/gcc/arm-none-eabi/9.2.1/../../../arm-none-eabi/lib/thumb/v7e-m+fp/hard/libc_nano.a(lib_a-nano-vfprintf_i.o)
 .comment       0x00000000000000a7       0x4f /usr/lib/gcc/arm-none-eabi/9.2.1/../../../arm-none-eabi/lib/thumb/v7e-m+fp/hard/libc_nano.a(lib_a-strchr.o)
 .comment       0x00000000000000a7       0x4f /usr/lib/gcc/arm-none-eabi/9.2.1/../../../arm-none-eabi/lib/thumb/v7e-m+fp/hard/libc_nano.a(lib_a-strnlen.o)
 .comment       0x00000000000000a7       0x4f /usr/lib/gcc/arm-none-eabi/9.2.1/../../../arm-none-eabi/lib/thumb/v7e-m+fp/hard/libc_nano.a(lib_a-memmove.o)
 .comment       0x00000000000000a7       0x4f /usr/lib/gcc/arm-none-eabi/9.2.1/../../../arm-none-eabi/lib/thumb/v7e-m+fp/hard/libc_nano.a(lib_a-nano-freer.o)
 .comment       0x00000000000000a7       0x4f /usr/lib/gcc/arm-none-eabi/9.2.1/../../../arm-none-eabi/lib/thumb/v7e-m+fp/hard/libc_nano.a(lib_a-nano-mallocr.o)
 .comment       0x00000000000000a7       0x4f /usr/lib/gcc/arm-none-eabi/9.2.1/../../../arm-none-eabi/lib/thumb/v7e-m+fp/hard/libc_nano.a(lib_a-nano-reallocr.o)
 .comment       0x00000000000000a7       0x4f /usr/lib/gcc/arm-none-eabi/9.2.1/../../../arm-none-eabi/lib/thumb/v7e-m+fp/hard/libc_nano.a(lib_a-sbrkr.o)
 .comment       0x00000000000000a7       0x4f /usr/lib/gcc/arm-none-eabi/9.2.1/../../../arm-none-eabi/lib/thumb/v7e-m+fp/hard/libc_nano.a(lib_a-mlock.o)
 .comment       0x00000000000000a7       0x4f /usr/lib/gcc/arm-none-eabi/9.2.1/../../../arm-none-eabi/lib/thumb/v7e-m+fp/hard/libc_nano.a(lib_a-nano-msizer.o)
 .comment       0x00000000000000a7       0x4f /usr/lib/gcc/arm-none-eabi/9.2.1/../../../arm-none-eabi/lib/thumb/v7e-m+fp/hard/libc_nano.a(lib_a-reent.o)
 .comment       0x00000000000000a7       0x5a /usr/lib/gcc/arm-none-eabi/9.2.1/thumb/v7e-m+fp/hard/libgcc.a(_udivmoddi4.o)
 .comment       0x00000000000000a7       0x5a /usr/lib/gcc/arm-none-eabi/9.2.1/thumb/v7e-m+fp/hard/crtend.o

.debug_info     0x0000000000000000    0x308a2
 .debug_info    0x0000000000000000     0x2708 build/main.o
 .debug_info    0x0000000000002708      0x73e build/gpio.o
 .debug_info    0x0000000000002e46      0xc62 build/adc.o
 .debug_info    0x0000000000003aa8      0xcda build/i2c.o
 .debug_info    0x0000000000004782     0x15a6 build/tim.o
 .debug_info    0x0000000000005d28     0x1cbd build/usart.o
 .debug_info    0x00000000000079e5      0xfa6 build/bme280.o
 .debug_info    0x000000000000898b      0xa57 build/hcsr04.o
 .debug_info    0x00000000000093e2      0x864 build/sh.o
 .debug_info    0x0000000000009c46     0x1681 build/wifi.o
 .debug_info    0x000000000000b2c7      0xb0b build/sysmem.o
 .debug_info    0x000000000000bdd2      0xc4b build/stm32f4xx_it.o
 .debug_info    0x000000000000ca1d      0x3e3 build/stm32f4xx_hal_msp.o
 .debug_info    0x000000000000ce00     0x1084 build/stm32f4xx_hal_adc.o
 .debug_info    0x000000000000de84      0xc2a build/stm32f4xx_hal_rcc.o
 .debug_info    0x000000000000eaae      0x91c build/stm32f4xx_hal_gpio.o
 .debug_info    0x000000000000f3ca      0xc67 build/stm32f4xx_hal_dma.o
 .debug_info    0x0000000000010031     0x1250 build/stm32f4xx_hal_cortex.o
 .debug_info    0x0000000000011281      0xbc0 build/stm32f4xx_hal.o
 .debug_info    0x0000000000011e41     0x3bed build/stm32f4xx_hal_i2c.o
 .debug_info    0x0000000000015a2e      0x810 build/stm32f4xx_hal_i2c_ex.o
 .debug_info    0x000000000001623e     0x4121 build/stm32f4xx_hal_tim.o
 .debug_info    0x000000000001a35f     0x1d33 build/stm32f4xx_hal_tim_ex.o
 .debug_info    0x000000000001c092     0x4455 build/stm32f4xx_hal_uart.o
 .debug_info    0x00000000000204e7      0x63a build/system_stm32f4xx.o
 .debug_info    0x0000000000020b21       0x22 build/startup_stm32f429xx.o
 .debug_info    0x0000000000020b43      0x953 /usr/lib/gcc/arm-none-eabi/9.2.1/../../../arm-none-eabi/lib/thumb/v7e-m+fp/hard/libc_nano.a(lib_a-errno.o)
 .debug_info    0x0000000000021496      0x92a /usr/lib/gcc/arm-none-eabi/9.2.1/../../../arm-none-eabi/lib/thumb/v7e-m+fp/hard/libc_nano.a(lib_a-impure.o)
 .debug_info    0x0000000000021dc0      0x11a /usr/lib/gcc/arm-none-eabi/9.2.1/../../../arm-none-eabi/lib/thumb/v7e-m+fp/hard/libc_nano.a(lib_a-init.o)
 .debug_info    0x0000000000021eda      0xf21 /usr/lib/gcc/arm-none-eabi/9.2.1/../../../arm-none-eabi/lib/thumb/v7e-m+fp/hard/libc_nano.a(lib_a-memset.o)
 .debug_info    0x0000000000022dfb      0xc90 /usr/lib/gcc/arm-none-eabi/9.2.1/../../../arm-none-eabi/lib/thumb/v7e-m+fp/hard/libc_nano.a(lib_a-sprintf.o)
 .debug_info    0x0000000000023a8b      0x943 /usr/lib/gcc/arm-none-eabi/9.2.1/../../../arm-none-eabi/lib/thumb/v7e-m+fp/hard/libc_nano.a(lib_a-strcpy.o)
 .debug_info    0x00000000000243ce       0x26 /usr/lib/gcc/arm-none-eabi/9.2.1/../../../arm-none-eabi/lib/thumb/v7e-m+fp/hard/libc_nano.a(lib_a-strlen.o)
 .debug_info    0x00000000000243f4      0xff2 /usr/lib/gcc/arm-none-eabi/9.2.1/../../../arm-none-eabi/lib/thumb/v7e-m+fp/hard/libc_nano.a(lib_a-strstr.o)
 .debug_info    0x00000000000253e6      0x9c2 /usr/lib/gcc/arm-none-eabi/9.2.1/../../../arm-none-eabi/lib/thumb/v7e-m+fp/hard/libc_nano.a(lib_a-memcmp.o)
 .debug_info    0x0000000000025da8     0x17e4 /usr/lib/gcc/arm-none-eabi/9.2.1/../../../arm-none-eabi/lib/thumb/v7e-m+fp/hard/libc_nano.a(lib_a-nano-svfprintf.o)
 .debug_info    0x000000000002758c     0x1592 /usr/lib/gcc/arm-none-eabi/9.2.1/../../../arm-none-eabi/lib/thumb/v7e-m+fp/hard/libc_nano.a(lib_a-nano-vfprintf_i.o)
 .debug_info    0x0000000000028b1e      0x9b9 /usr/lib/gcc/arm-none-eabi/9.2.1/../../../arm-none-eabi/lib/thumb/v7e-m+fp/hard/libc_nano.a(lib_a-strchr.o)
 .debug_info    0x00000000000294d7      0x967 /usr/lib/gcc/arm-none-eabi/9.2.1/../../../arm-none-eabi/lib/thumb/v7e-m+fp/hard/libc_nano.a(lib_a-strnlen.o)
 .debug_info    0x0000000000029e3e       0x26 /usr/lib/gcc/arm-none-eabi/9.2.1/../../../arm-none-eabi/lib/thumb/v7e-m+fp/hard/libc_nano.a(lib_a-memchr.o)
 .debug_info    0x0000000000029e64       0x26 /usr/lib/gcc/arm-none-eabi/9.2.1/../../../arm-none-eabi/lib/thumb/v7e-m+fp/hard/libc_nano.a(lib_a-memcpy.o)
 .debug_info    0x0000000000029e8a      0xf2b /usr/lib/gcc/arm-none-eabi/9.2.1/../../../arm-none-eabi/lib/thumb/v7e-m+fp/hard/libc_nano.a(lib_a-memmove.o)
 .debug_info    0x000000000002adb5      0xb85 /usr/lib/gcc/arm-none-eabi/9.2.1/../../../arm-none-eabi/lib/thumb/v7e-m+fp/hard/libc_nano.a(lib_a-nano-freer.o)
 .debug_info    0x000000000002b93a      0xc5a /usr/lib/gcc/arm-none-eabi/9.2.1/../../../arm-none-eabi/lib/thumb/v7e-m+fp/hard/libc_nano.a(lib_a-nano-mallocr.o)
 .debug_info    0x000000000002c594      0xb77 /usr/lib/gcc/arm-none-eabi/9.2.1/../../../arm-none-eabi/lib/thumb/v7e-m+fp/hard/libc_nano.a(lib_a-nano-reallocr.o)
 .debug_info    0x000000000002d10b      0x9fb /usr/lib/gcc/arm-none-eabi/9.2.1/../../../arm-none-eabi/lib/thumb/v7e-m+fp/hard/libc_nano.a(lib_a-sbrkr.o)
 .debug_info    0x000000000002db06      0x961 /usr/lib/gcc/arm-none-eabi/9.2.1/../../../arm-none-eabi/lib/thumb/v7e-m+fp/hard/libc_nano.a(lib_a-mlock.o)
 .debug_info    0x000000000002e467      0xaa6 /usr/lib/gcc/arm-none-eabi/9.2.1/../../../arm-none-eabi/lib/thumb/v7e-m+fp/hard/libc_nano.a(lib_a-nano-msizer.o)
 .debug_info    0x000000000002ef0d      0xb0f /usr/lib/gcc/arm-none-eabi/9.2.1/../../../arm-none-eabi/lib/thumb/v7e-m+fp/hard/libc_nano.a(lib_a-reent.o)
 .debug_info    0x000000000002fa1c       0x26 /usr/lib/gcc/arm-none-eabi/9.2.1/thumb/v7e-m+fp/hard/libgcc.a(_arm_addsubdf3.o)
 .debug_info    0x000000000002fa42       0x26 /usr/lib/gcc/arm-none-eabi/9.2.1/thumb/v7e-m+fp/hard/libgcc.a(_arm_muldivdf3.o)
 .debug_info    0x000000000002fa68       0x26 /usr/lib/gcc/arm-none-eabi/9.2.1/thumb/v7e-m+fp/hard/libgcc.a(_arm_cmpdf2.o)
 .debug_info    0x000000000002fa8e       0x26 /usr/lib/gcc/arm-none-eabi/9.2.1/thumb/v7e-m+fp/hard/libgcc.a(_arm_fixdfsi.o)
 .debug_info    0x000000000002fab4       0x26 /usr/lib/gcc/arm-none-eabi/9.2.1/thumb/v7e-m+fp/hard/libgcc.a(_arm_fixunsdfsi.o)
 .debug_info    0x000000000002fada       0x26 /usr/lib/gcc/arm-none-eabi/9.2.1/thumb/v7e-m+fp/hard/libgcc.a(_aeabi_uldivmod.o)
 .debug_info    0x000000000002fb00      0xd7c /usr/lib/gcc/arm-none-eabi/9.2.1/thumb/v7e-m+fp/hard/libgcc.a(_udivmoddi4.o)
 .debug_info    0x000000000003087c       0x26 /usr/lib/gcc/arm-none-eabi/9.2.1/thumb/v7e-m+fp/hard/libgcc.a(_dvmd_tls.o)

.debug_abbrev   0x0000000000000000     0x697b
 .debug_abbrev  0x0000000000000000      0x349 build/main.o
 .debug_abbrev  0x0000000000000349      0x1d3 build/gpio.o
 .debug_abbrev  0x000000000000051c      0x1f1 build/adc.o
 .debug_abbrev  0x000000000000070d      0x1f1 build/i2c.o
 .debug_abbrev  0x00000000000008fe      0x302 build/tim.o
 .debug_abbrev  0x0000000000000c00      0x340 build/usart.o
 .debug_abbrev  0x0000000000000f40      0x228 build/bme280.o
 .debug_abbrev  0x0000000000001168      0x215 build/hcsr04.o
 .debug_abbrev  0x000000000000137d      0x20a build/sh.o
 .debug_abbrev  0x0000000000001587      0x2d2 build/wifi.o
 .debug_abbrev  0x0000000000001859      0x21f build/sysmem.o
 .debug_abbrev  0x0000000000001a78      0x1f1 build/stm32f4xx_it.o
 .debug_abbrev  0x0000000000001c69      0x11c build/stm32f4xx_hal_msp.o
 .debug_abbrev  0x0000000000001d85      0x2be build/stm32f4xx_hal_adc.o
 .debug_abbrev  0x0000000000002043      0x2cd build/stm32f4xx_hal_rcc.o
 .debug_abbrev  0x0000000000002310      0x258 build/stm32f4xx_hal_gpio.o
 .debug_abbrev  0x0000000000002568      0x312 build/stm32f4xx_hal_dma.o
 .debug_abbrev  0x000000000000287a      0x3a8 build/stm32f4xx_hal_cortex.o
 .debug_abbrev  0x0000000000002c22      0x21c build/stm32f4xx_hal.o
 .debug_abbrev  0x0000000000002e3e      0x31f build/stm32f4xx_hal_i2c.o
 .debug_abbrev  0x000000000000315d      0x190 build/stm32f4xx_hal_i2c_ex.o
 .debug_abbrev  0x00000000000032ed      0x2af build/stm32f4xx_hal_tim.o
 .debug_abbrev  0x000000000000359c      0x2ab build/stm32f4xx_hal_tim_ex.o
 .debug_abbrev  0x0000000000003847      0x39a build/stm32f4xx_hal_uart.o
 .debug_abbrev  0x0000000000003be1      0x14a build/system_stm32f4xx.o
 .debug_abbrev  0x0000000000003d2b       0x12 build/startup_stm32f429xx.o
 .debug_abbrev  0x0000000000003d3d      0x198 /usr/lib/gcc/arm-none-eabi/9.2.1/../../../arm-none-eabi/lib/thumb/v7e-m+fp/hard/libc_nano.a(lib_a-errno.o)
 .debug_abbrev  0x0000000000003ed5      0x17a /usr/lib/gcc/arm-none-eabi/9.2.1/../../../arm-none-eabi/lib/thumb/v7e-m+fp/hard/libc_nano.a(lib_a-impure.o)
 .debug_abbrev  0x000000000000404f       0xcc /usr/lib/gcc/arm-none-eabi/9.2.1/../../../arm-none-eabi/lib/thumb/v7e-m+fp/hard/libc_nano.a(lib_a-init.o)
 .debug_abbrev  0x000000000000411b      0x1d9 /usr/lib/gcc/arm-none-eabi/9.2.1/../../../arm-none-eabi/lib/thumb/v7e-m+fp/hard/libc_nano.a(lib_a-memset.o)
 .debug_abbrev  0x00000000000042f4      0x274 /usr/lib/gcc/arm-none-eabi/9.2.1/../../../arm-none-eabi/lib/thumb/v7e-m+fp/hard/libc_nano.a(lib_a-sprintf.o)
 .debug_abbrev  0x0000000000004568      0x1a5 /usr/lib/gcc/arm-none-eabi/9.2.1/../../../arm-none-eabi/lib/thumb/v7e-m+fp/hard/libc_nano.a(lib_a-strcpy.o)
 .debug_abbrev  0x000000000000470d       0x14 /usr/lib/gcc/arm-none-eabi/9.2.1/../../../arm-none-eabi/lib/thumb/v7e-m+fp/hard/libc_nano.a(lib_a-strlen.o)
 .debug_abbrev  0x0000000000004721      0x331 /usr/lib/gcc/arm-none-eabi/9.2.1/../../../arm-none-eabi/lib/thumb/v7e-m+fp/hard/libc_nano.a(lib_a-strstr.o)
 .debug_abbrev  0x0000000000004a52      0x1af /usr/lib/gcc/arm-none-eabi/9.2.1/../../../arm-none-eabi/lib/thumb/v7e-m+fp/hard/libc_nano.a(lib_a-memcmp.o)
 .debug_abbrev  0x0000000000004c01      0x33f /usr/lib/gcc/arm-none-eabi/9.2.1/../../../arm-none-eabi/lib/thumb/v7e-m+fp/hard/libc_nano.a(lib_a-nano-svfprintf.o)
 .debug_abbrev  0x0000000000004f40      0x2dc /usr/lib/gcc/arm-none-eabi/9.2.1/../../../arm-none-eabi/lib/thumb/v7e-m+fp/hard/libc_nano.a(lib_a-nano-vfprintf_i.o)
 .debug_abbrev  0x000000000000521c      0x1be /usr/lib/gcc/arm-none-eabi/9.2.1/../../../arm-none-eabi/lib/thumb/v7e-m+fp/hard/libc_nano.a(lib_a-strchr.o)
 .debug_abbrev  0x00000000000053da      0x1a8 /usr/lib/gcc/arm-none-eabi/9.2.1/../../../arm-none-eabi/lib/thumb/v7e-m+fp/hard/libc_nano.a(lib_a-strnlen.o)
 .debug_abbrev  0x0000000000005582       0x14 /usr/lib/gcc/arm-none-eabi/9.2.1/../../../arm-none-eabi/lib/thumb/v7e-m+fp/hard/libc_nano.a(lib_a-memchr.o)
 .debug_abbrev  0x0000000000005596       0x14 /usr/lib/gcc/arm-none-eabi/9.2.1/../../../arm-none-eabi/lib/thumb/v7e-m+fp/hard/libc_nano.a(lib_a-memcpy.o)
 .debug_abbrev  0x00000000000055aa      0x1de /usr/lib/gcc/arm-none-eabi/9.2.1/../../../arm-none-eabi/lib/thumb/v7e-m+fp/hard/libc_nano.a(lib_a-memmove.o)
 .debug_abbrev  0x0000000000005788      0x286 /usr/lib/gcc/arm-none-eabi/9.2.1/../../../arm-none-eabi/lib/thumb/v7e-m+fp/hard/libc_nano.a(lib_a-nano-freer.o)
 .debug_abbrev  0x0000000000005a0e      0x2d1 /usr/lib/gcc/arm-none-eabi/9.2.1/../../../arm-none-eabi/lib/thumb/v7e-m+fp/hard/libc_nano.a(lib_a-nano-mallocr.o)
 .debug_abbrev  0x0000000000005cdf      0x22a /usr/lib/gcc/arm-none-eabi/9.2.1/../../../arm-none-eabi/lib/thumb/v7e-m+fp/hard/libc_nano.a(lib_a-nano-reallocr.o)
 .debug_abbrev  0x0000000000005f09      0x212 /usr/lib/gcc/arm-none-eabi/9.2.1/../../../arm-none-eabi/lib/thumb/v7e-m+fp/hard/libc_nano.a(lib_a-sbrkr.o)
 .debug_abbrev  0x000000000000611b      0x1c5 /usr/lib/gcc/arm-none-eabi/9.2.1/../../../arm-none-eabi/lib/thumb/v7e-m+fp/hard/libc_nano.a(lib_a-mlock.o)
 .debug_abbrev  0x00000000000062e0      0x1e5 /usr/lib/gcc/arm-none-eabi/9.2.1/../../../arm-none-eabi/lib/thumb/v7e-m+fp/hard/libc_nano.a(lib_a-nano-msizer.o)
 .debug_abbrev  0x00000000000064c5      0x268 /usr/lib/gcc/arm-none-eabi/9.2.1/../../../arm-none-eabi/lib/thumb/v7e-m+fp/hard/libc_nano.a(lib_a-reent.o)
 .debug_abbrev  0x000000000000672d       0x14 /usr/lib/gcc/arm-none-eabi/9.2.1/thumb/v7e-m+fp/hard/libgcc.a(_arm_addsubdf3.o)
 .debug_abbrev  0x0000000000006741       0x14 /usr/lib/gcc/arm-none-eabi/9.2.1/thumb/v7e-m+fp/hard/libgcc.a(_arm_muldivdf3.o)
 .debug_abbrev  0x0000000000006755       0x14 /usr/lib/gcc/arm-none-eabi/9.2.1/thumb/v7e-m+fp/hard/libgcc.a(_arm_cmpdf2.o)
 .debug_abbrev  0x0000000000006769       0x14 /usr/lib/gcc/arm-none-eabi/9.2.1/thumb/v7e-m+fp/hard/libgcc.a(_arm_fixdfsi.o)
 .debug_abbrev  0x000000000000677d       0x14 /usr/lib/gcc/arm-none-eabi/9.2.1/thumb/v7e-m+fp/hard/libgcc.a(_arm_fixunsdfsi.o)
 .debug_abbrev  0x0000000000006791       0x14 /usr/lib/gcc/arm-none-eabi/9.2.1/thumb/v7e-m+fp/hard/libgcc.a(_aeabi_uldivmod.o)
 .debug_abbrev  0x00000000000067a5      0x1c2 /usr/lib/gcc/arm-none-eabi/9.2.1/thumb/v7e-m+fp/hard/libgcc.a(_udivmoddi4.o)
 .debug_abbrev  0x0000000000006967       0x14 /usr/lib/gcc/arm-none-eabi/9.2.1/thumb/v7e-m+fp/hard/libgcc.a(_dvmd_tls.o)

.debug_loc      0x0000000000000000    0x1ab68
 .debug_loc     0x0000000000000000      0x10d build/main.o
 .debug_loc     0x000000000000010d       0xd0 build/gpio.o
 .debug_loc     0x00000000000001dd      0x12c build/adc.o
 .debug_loc     0x0000000000000309      0x108 build/i2c.o
 .debug_loc     0x0000000000000411      0x33e build/tim.o
 .debug_loc     0x000000000000074f      0x4c8 build/usart.o
 .debug_loc     0x0000000000000c17      0x82c build/bme280.o
 .debug_loc     0x0000000000001443       0x96 build/hcsr04.o
 .debug_loc     0x00000000000014d9       0x87 build/sh.o
 .debug_loc     0x0000000000001560      0x419 build/wifi.o
 .debug_loc     0x0000000000001979       0x84 build/sysmem.o
 .debug_loc     0x00000000000019fd       0x80 build/stm32f4xx_it.o
 .debug_loc     0x0000000000001a7d       0x2c build/stm32f4xx_hal_msp.o
 .debug_loc     0x0000000000001aa9      0xdcf build/stm32f4xx_hal_adc.o
 .debug_loc     0x0000000000002878      0x6c7 build/stm32f4xx_hal_rcc.o
 .debug_loc     0x0000000000002f3f      0x5db build/stm32f4xx_hal_gpio.o
 .debug_loc     0x000000000000351a      0xd6d build/stm32f4xx_hal_dma.o
 .debug_loc     0x0000000000004287      0x7d4 build/stm32f4xx_hal_cortex.o
 .debug_loc     0x0000000000004a5b      0x1e1 build/stm32f4xx_hal.o
 .debug_loc     0x0000000000004c3c     0x4d94 build/stm32f4xx_hal_i2c.o
 .debug_loc     0x00000000000099d0       0xfe build/stm32f4xx_hal_i2c_ex.o
 .debug_loc     0x0000000000009ace     0x5b36 build/stm32f4xx_hal_tim.o
 .debug_loc     0x000000000000f604     0x2110 build/stm32f4xx_hal_tim_ex.o
 .debug_loc     0x0000000000011714     0x502f build/stm32f4xx_hal_uart.o
 .debug_loc     0x0000000000016743      0x16c build/system_stm32f4xx.o
 .debug_loc     0x00000000000168af       0xba /usr/lib/gcc/arm-none-eabi/9.2.1/../../../arm-none-eabi/lib/thumb/v7e-m+fp/hard/libc_nano.a(lib_a-init.o)
 .debug_loc     0x0000000000016969      0x231 /usr/lib/gcc/arm-none-eabi/9.2.1/../../../arm-none-eabi/lib/thumb/v7e-m+fp/hard/libc_nano.a(lib_a-memset.o)
 .debug_loc     0x0000000000016b9a       0xc2 /usr/lib/gcc/arm-none-eabi/9.2.1/../../../arm-none-eabi/lib/thumb/v7e-m+fp/hard/libc_nano.a(lib_a-sprintf.o)
 .debug_loc     0x0000000000016c5c       0x25 /usr/lib/gcc/arm-none-eabi/9.2.1/../../../arm-none-eabi/lib/thumb/v7e-m+fp/hard/libc_nano.a(lib_a-strcpy.o)
 .debug_loc     0x0000000000016c81      0xd74 /usr/lib/gcc/arm-none-eabi/9.2.1/../../../arm-none-eabi/lib/thumb/v7e-m+fp/hard/libc_nano.a(lib_a-strstr.o)
 .debug_loc     0x00000000000179f5      0x196 /usr/lib/gcc/arm-none-eabi/9.2.1/../../../arm-none-eabi/lib/thumb/v7e-m+fp/hard/libc_nano.a(lib_a-memcmp.o)
 .debug_loc     0x0000000000017b8b      0x845 /usr/lib/gcc/arm-none-eabi/9.2.1/../../../arm-none-eabi/lib/thumb/v7e-m+fp/hard/libc_nano.a(lib_a-nano-svfprintf.o)
 .debug_loc     0x00000000000183d0      0x7ab /usr/lib/gcc/arm-none-eabi/9.2.1/../../../arm-none-eabi/lib/thumb/v7e-m+fp/hard/libc_nano.a(lib_a-nano-vfprintf_i.o)
 .debug_loc     0x0000000000018b7b      0x25b /usr/lib/gcc/arm-none-eabi/9.2.1/../../../arm-none-eabi/lib/thumb/v7e-m+fp/hard/libc_nano.a(lib_a-strchr.o)
 .debug_loc     0x0000000000018dd6      0x15d /usr/lib/gcc/arm-none-eabi/9.2.1/../../../arm-none-eabi/lib/thumb/v7e-m+fp/hard/libc_nano.a(lib_a-strnlen.o)
 .debug_loc     0x0000000000018f33      0x2f1 /usr/lib/gcc/arm-none-eabi/9.2.1/../../../arm-none-eabi/lib/thumb/v7e-m+fp/hard/libc_nano.a(lib_a-memmove.o)
 .debug_loc     0x0000000000019224      0x211 /usr/lib/gcc/arm-none-eabi/9.2.1/../../../arm-none-eabi/lib/thumb/v7e-m+fp/hard/libc_nano.a(lib_a-nano-freer.o)
 .debug_loc     0x0000000000019435      0x437 /usr/lib/gcc/arm-none-eabi/9.2.1/../../../arm-none-eabi/lib/thumb/v7e-m+fp/hard/libc_nano.a(lib_a-nano-mallocr.o)
 .debug_loc     0x000000000001986c      0x133 /usr/lib/gcc/arm-none-eabi/9.2.1/../../../arm-none-eabi/lib/thumb/v7e-m+fp/hard/libc_nano.a(lib_a-nano-reallocr.o)
 .debug_loc     0x000000000001999f       0x6c /usr/lib/gcc/arm-none-eabi/9.2.1/../../../arm-none-eabi/lib/thumb/v7e-m+fp/hard/libc_nano.a(lib_a-sbrkr.o)
 .debug_loc     0x0000000000019a0b       0x86 /usr/lib/gcc/arm-none-eabi/9.2.1/../../../arm-none-eabi/lib/thumb/v7e-m+fp/hard/libc_nano.a(lib_a-nano-msizer.o)
 .debug_loc     0x0000000000019a91      0x135 /usr/lib/gcc/arm-none-eabi/9.2.1/../../../arm-none-eabi/lib/thumb/v7e-m+fp/hard/libc_nano.a(lib_a-reent.o)
 .debug_loc     0x0000000000019bc6      0xfa2 /usr/lib/gcc/arm-none-eabi/9.2.1/thumb/v7e-m+fp/hard/libgcc.a(_udivmoddi4.o)

.debug_aranges  0x0000000000000000     0x1568
 .debug_aranges
                0x0000000000000000       0x40 build/main.o
 .debug_aranges
                0x0000000000000040       0x30 build/gpio.o
 .debug_aranges
                0x0000000000000070       0x30 build/adc.o
 .debug_aranges
                0x00000000000000a0       0x30 build/i2c.o
 .debug_aranges
                0x00000000000000d0       0x60 build/tim.o
 .debug_aranges
                0x0000000000000130       0x70 build/usart.o
 .debug_aranges
                0x00000000000001a0       0x68 build/bme280.o
 .debug_aranges
                0x0000000000000208       0x30 build/hcsr04.o
 .debug_aranges
                0x0000000000000238       0x28 build/sh.o
 .debug_aranges
                0x0000000000000260       0x28 build/wifi.o
 .debug_aranges
                0x0000000000000288       0x20 build/sysmem.o
 .debug_aranges
                0x00000000000002a8       0x78 build/stm32f4xx_it.o
 .debug_aranges
                0x0000000000000320       0x20 build/stm32f4xx_hal_msp.o
 .debug_aranges
                0x0000000000000340       0xe8 build/stm32f4xx_hal_adc.o
 .debug_aranges
                0x0000000000000428       0x88 build/stm32f4xx_hal_rcc.o
 .debug_aranges
                0x00000000000004b0       0x58 build/stm32f4xx_hal_gpio.o
 .debug_aranges
                0x0000000000000508       0x90 build/stm32f4xx_hal_dma.o
 .debug_aranges
                0x0000000000000598       0xa8 build/stm32f4xx_hal_cortex.o
 .debug_aranges
                0x0000000000000640      0x100 build/stm32f4xx_hal.o
 .debug_aranges
                0x0000000000000740      0x2a0 build/stm32f4xx_hal_i2c.o
 .debug_aranges
                0x00000000000009e0       0x28 build/stm32f4xx_hal_i2c_ex.o
 .debug_aranges
                0x0000000000000a08      0x3d0 build/stm32f4xx_hal_tim.o
 .debug_aranges
                0x0000000000000dd8      0x168 build/stm32f4xx_hal_tim_ex.o
 .debug_aranges
                0x0000000000000f40      0x200 build/stm32f4xx_hal_uart.o
 .debug_aranges
                0x0000000000001140       0x28 build/system_stm32f4xx.o
 .debug_aranges
                0x0000000000001168       0x28 build/startup_stm32f429xx.o
 .debug_aranges
                0x0000000000001190       0x20 /usr/lib/gcc/arm-none-eabi/9.2.1/../../../arm-none-eabi/lib/thumb/v7e-m+fp/hard/libc_nano.a(lib_a-errno.o)
 .debug_aranges
                0x00000000000011b0       0x18 /usr/lib/gcc/arm-none-eabi/9.2.1/../../../arm-none-eabi/lib/thumb/v7e-m+fp/hard/libc_nano.a(lib_a-impure.o)
 .debug_aranges
                0x00000000000011c8       0x20 /usr/lib/gcc/arm-none-eabi/9.2.1/../../../arm-none-eabi/lib/thumb/v7e-m+fp/hard/libc_nano.a(lib_a-init.o)
 .debug_aranges
                0x00000000000011e8       0x20 /usr/lib/gcc/arm-none-eabi/9.2.1/../../../arm-none-eabi/lib/thumb/v7e-m+fp/hard/libc_nano.a(lib_a-memset.o)
 .debug_aranges
                0x0000000000001208       0x20 /usr/lib/gcc/arm-none-eabi/9.2.1/../../../arm-none-eabi/lib/thumb/v7e-m+fp/hard/libc_nano.a(lib_a-sprintf.o)
 .debug_aranges
                0x0000000000001228       0x20 /usr/lib/gcc/arm-none-eabi/9.2.1/../../../arm-none-eabi/lib/thumb/v7e-m+fp/hard/libc_nano.a(lib_a-strcpy.o)
 .debug_aranges
                0x0000000000001248       0x20 /usr/lib/gcc/arm-none-eabi/9.2.1/../../../arm-none-eabi/lib/thumb/v7e-m+fp/hard/libc_nano.a(lib_a-strlen.o)
 .debug_aranges
                0x0000000000001268       0x20 /usr/lib/gcc/arm-none-eabi/9.2.1/../../../arm-none-eabi/lib/thumb/v7e-m+fp/hard/libc_nano.a(lib_a-strstr.o)
 .debug_aranges
                0x0000000000001288       0x20 /usr/lib/gcc/arm-none-eabi/9.2.1/../../../arm-none-eabi/lib/thumb/v7e-m+fp/hard/libc_nano.a(lib_a-memcmp.o)
 .debug_aranges
                0x00000000000012a8       0x20 /usr/lib/gcc/arm-none-eabi/9.2.1/../../../arm-none-eabi/lib/thumb/v7e-m+fp/hard/libc_nano.a(lib_a-nano-svfprintf.o)
 .debug_aranges
                0x00000000000012c8       0x20 /usr/lib/gcc/arm-none-eabi/9.2.1/../../../arm-none-eabi/lib/thumb/v7e-m+fp/hard/libc_nano.a(lib_a-nano-vfprintf_i.o)
 .debug_aranges
                0x00000000000012e8       0x20 /usr/lib/gcc/arm-none-eabi/9.2.1/../../../arm-none-eabi/lib/thumb/v7e-m+fp/hard/libc_nano.a(lib_a-strchr.o)
 .debug_aranges
                0x0000000000001308       0x20 /usr/lib/gcc/arm-none-eabi/9.2.1/../../../arm-none-eabi/lib/thumb/v7e-m+fp/hard/libc_nano.a(lib_a-strnlen.o)
 .debug_aranges
                0x0000000000001328       0x20 /usr/lib/gcc/arm-none-eabi/9.2.1/../../../arm-none-eabi/lib/thumb/v7e-m+fp/hard/libc_nano.a(lib_a-memchr.o)
 .debug_aranges
                0x0000000000001348       0x20 /usr/lib/gcc/arm-none-eabi/9.2.1/../../../arm-none-eabi/lib/thumb/v7e-m+fp/hard/libc_nano.a(lib_a-memcpy.o)
 .debug_aranges
                0x0000000000001368       0x20 /usr/lib/gcc/arm-none-eabi/9.2.1/../../../arm-none-eabi/lib/thumb/v7e-m+fp/hard/libc_nano.a(lib_a-memmove.o)
 .debug_aranges
                0x0000000000001388       0x20 /usr/lib/gcc/arm-none-eabi/9.2.1/../../../arm-none-eabi/lib/thumb/v7e-m+fp/hard/libc_nano.a(lib_a-nano-freer.o)
 .debug_aranges
                0x00000000000013a8       0x20 /usr/lib/gcc/arm-none-eabi/9.2.1/../../../arm-none-eabi/lib/thumb/v7e-m+fp/hard/libc_nano.a(lib_a-nano-mallocr.o)
 .debug_aranges
                0x00000000000013c8       0x20 /usr/lib/gcc/arm-none-eabi/9.2.1/../../../arm-none-eabi/lib/thumb/v7e-m+fp/hard/libc_nano.a(lib_a-nano-reallocr.o)
 .debug_aranges
                0x00000000000013e8       0x20 /usr/lib/gcc/arm-none-eabi/9.2.1/../../../arm-none-eabi/lib/thumb/v7e-m+fp/hard/libc_nano.a(lib_a-sbrkr.o)
 .debug_aranges
                0x0000000000001408       0x20 /usr/lib/gcc/arm-none-eabi/9.2.1/../../../arm-none-eabi/lib/thumb/v7e-m+fp/hard/libc_nano.a(lib_a-mlock.o)
 .debug_aranges
                0x0000000000001428       0x20 /usr/lib/gcc/arm-none-eabi/9.2.1/../../../arm-none-eabi/lib/thumb/v7e-m+fp/hard/libc_nano.a(lib_a-nano-msizer.o)
 .debug_aranges
                0x0000000000001448       0x20 /usr/lib/gcc/arm-none-eabi/9.2.1/../../../arm-none-eabi/lib/thumb/v7e-m+fp/hard/libc_nano.a(lib_a-reent.o)
 .debug_aranges
                0x0000000000001468       0x20 /usr/lib/gcc/arm-none-eabi/9.2.1/thumb/v7e-m+fp/hard/libgcc.a(_arm_addsubdf3.o)
 .debug_aranges
                0x0000000000001488       0x20 /usr/lib/gcc/arm-none-eabi/9.2.1/thumb/v7e-m+fp/hard/libgcc.a(_arm_muldivdf3.o)
 .debug_aranges
                0x00000000000014a8       0x20 /usr/lib/gcc/arm-none-eabi/9.2.1/thumb/v7e-m+fp/hard/libgcc.a(_arm_cmpdf2.o)
 .debug_aranges
                0x00000000000014c8       0x20 /usr/lib/gcc/arm-none-eabi/9.2.1/thumb/v7e-m+fp/hard/libgcc.a(_arm_fixdfsi.o)
 .debug_aranges
                0x00000000000014e8       0x20 /usr/lib/gcc/arm-none-eabi/9.2.1/thumb/v7e-m+fp/hard/libgcc.a(_arm_fixunsdfsi.o)
 .debug_aranges
                0x0000000000001508       0x20 /usr/lib/gcc/arm-none-eabi/9.2.1/thumb/v7e-m+fp/hard/libgcc.a(_aeabi_uldivmod.o)
 .debug_aranges
                0x0000000000001528       0x20 /usr/lib/gcc/arm-none-eabi/9.2.1/thumb/v7e-m+fp/hard/libgcc.a(_udivmoddi4.o)
 .debug_aranges
                0x0000000000001548       0x20 /usr/lib/gcc/arm-none-eabi/9.2.1/thumb/v7e-m+fp/hard/libgcc.a(_dvmd_tls.o)

.debug_ranges   0x0000000000000000     0x1358
 .debug_ranges  0x0000000000000000       0x30 build/main.o
 .debug_ranges  0x0000000000000030       0x20 build/gpio.o
 .debug_ranges  0x0000000000000050       0x20 build/adc.o
 .debug_ranges  0x0000000000000070       0x20 build/i2c.o
 .debug_ranges  0x0000000000000090       0x50 build/tim.o
 .debug_ranges  0x00000000000000e0       0x60 build/usart.o
 .debug_ranges  0x0000000000000140       0x58 build/bme280.o
 .debug_ranges  0x0000000000000198       0x20 build/hcsr04.o
 .debug_ranges  0x00000000000001b8       0x18 build/sh.o
 .debug_ranges  0x00000000000001d0       0x30 build/wifi.o
 .debug_ranges  0x0000000000000200       0x10 build/sysmem.o
 .debug_ranges  0x0000000000000210       0x68 build/stm32f4xx_it.o
 .debug_ranges  0x0000000000000278       0x10 build/stm32f4xx_hal_msp.o
 .debug_ranges  0x0000000000000288       0xd8 build/stm32f4xx_hal_adc.o
 .debug_ranges  0x0000000000000360       0x90 build/stm32f4xx_hal_rcc.o
 .debug_ranges  0x00000000000003f0       0x48 build/stm32f4xx_hal_gpio.o
 .debug_ranges  0x0000000000000438       0x80 build/stm32f4xx_hal_dma.o
 .debug_ranges  0x00000000000004b8       0xf8 build/stm32f4xx_hal_cortex.o
 .debug_ranges  0x00000000000005b0       0xf0 build/stm32f4xx_hal.o
 .debug_ranges  0x00000000000006a0      0x2a8 build/stm32f4xx_hal_i2c.o
 .debug_ranges  0x0000000000000948       0x18 build/stm32f4xx_hal_i2c_ex.o
 .debug_ranges  0x0000000000000960      0x3c0 build/stm32f4xx_hal_tim.o
 .debug_ranges  0x0000000000000d20      0x158 build/stm32f4xx_hal_tim_ex.o
 .debug_ranges  0x0000000000000e78      0x208 build/stm32f4xx_hal_uart.o
 .debug_ranges  0x0000000000001080       0x18 build/system_stm32f4xx.o
 .debug_ranges  0x0000000000001098       0x20 build/startup_stm32f429xx.o
 .debug_ranges  0x00000000000010b8       0x10 /usr/lib/gcc/arm-none-eabi/9.2.1/../../../arm-none-eabi/lib/thumb/v7e-m+fp/hard/libc_nano.a(lib_a-strcpy.o)
 .debug_ranges  0x00000000000010c8       0x98 /usr/lib/gcc/arm-none-eabi/9.2.1/../../../arm-none-eabi/lib/thumb/v7e-m+fp/hard/libc_nano.a(lib_a-strstr.o)
 .debug_ranges  0x0000000000001160       0x38 /usr/lib/gcc/arm-none-eabi/9.2.1/../../../arm-none-eabi/lib/thumb/v7e-m+fp/hard/libc_nano.a(lib_a-nano-svfprintf.o)
 .debug_ranges  0x0000000000001198       0x98 /usr/lib/gcc/arm-none-eabi/9.2.1/../../../arm-none-eabi/lib/thumb/v7e-m+fp/hard/libc_nano.a(lib_a-nano-vfprintf_i.o)
 .debug_ranges  0x0000000000001230       0x10 /usr/lib/gcc/arm-none-eabi/9.2.1/../../../arm-none-eabi/lib/thumb/v7e-m+fp/hard/libc_nano.a(lib_a-strnlen.o)
 .debug_ranges  0x0000000000001240       0x18 /usr/lib/gcc/arm-none-eabi/9.2.1/../../../arm-none-eabi/lib/thumb/v7e-m+fp/hard/libc_nano.a(lib_a-nano-freer.o)
 .debug_ranges  0x0000000000001258       0x38 /usr/lib/gcc/arm-none-eabi/9.2.1/../../../arm-none-eabi/lib/thumb/v7e-m+fp/hard/libc_nano.a(lib_a-nano-mallocr.o)
 .debug_ranges  0x0000000000001290       0xc8 /usr/lib/gcc/arm-none-eabi/9.2.1/thumb/v7e-m+fp/hard/libgcc.a(_udivmoddi4.o)

.debug_line     0x0000000000000000    0x1afcf
 .debug_line    0x0000000000000000      0x4f2 build/main.o
 .debug_line    0x00000000000004f2      0x217 build/gpio.o
 .debug_line    0x0000000000000709      0x2d6 build/adc.o
 .debug_line    0x00000000000009df      0x2f9 build/i2c.o
 .debug_line    0x0000000000000cd8      0x523 build/tim.o
 .debug_line    0x00000000000011fb      0x57b build/usart.o
 .debug_line    0x0000000000001776      0x6f9 build/bme280.o
 .debug_line    0x0000000000001e6f      0x283 build/hcsr04.o
 .debug_line    0x00000000000020f2      0x219 build/sh.o
 .debug_line    0x000000000000230b      0x376 build/wifi.o
 .debug_line    0x0000000000002681      0x119 build/sysmem.o
 .debug_line    0x000000000000279a      0x2de build/stm32f4xx_it.o
 .debug_line    0x0000000000002a78      0x13f build/stm32f4xx_hal_msp.o
 .debug_line    0x0000000000002bb7     0x106b build/stm32f4xx_hal_adc.o
 .debug_line    0x0000000000003c22      0xaac build/stm32f4xx_hal_rcc.o
 .debug_line    0x00000000000046ce      0x6ba build/stm32f4xx_hal_gpio.o
 .debug_line    0x0000000000004d88      0xdc7 build/stm32f4xx_hal_dma.o
 .debug_line    0x0000000000005b4f      0x718 build/stm32f4xx_hal_cortex.o
 .debug_line    0x0000000000006267      0x513 build/stm32f4xx_hal.o
 .debug_line    0x000000000000677a     0x52f5 build/stm32f4xx_hal_i2c.o
 .debug_line    0x000000000000ba6f      0x240 build/stm32f4xx_hal_i2c_ex.o
 .debug_line    0x000000000000bcaf     0x4a73 build/stm32f4xx_hal_tim.o
 .debug_line    0x0000000000010722     0x1c94 build/stm32f4xx_hal_tim_ex.o
 .debug_line    0x00000000000123b6     0x4574 build/stm32f4xx_hal_uart.o
 .debug_line    0x000000000001692a      0x1fc build/system_stm32f4xx.o
 .debug_line    0x0000000000016b26       0x76 build/startup_stm32f429xx.o
 .debug_line    0x0000000000016b9c      0x108 /usr/lib/gcc/arm-none-eabi/9.2.1/../../../arm-none-eabi/lib/thumb/v7e-m+fp/hard/libc_nano.a(lib_a-errno.o)
 .debug_line    0x0000000000016ca4       0xe3 /usr/lib/gcc/arm-none-eabi/9.2.1/../../../arm-none-eabi/lib/thumb/v7e-m+fp/hard/libc_nano.a(lib_a-impure.o)
 .debug_line    0x0000000000016d87      0x10d /usr/lib/gcc/arm-none-eabi/9.2.1/../../../arm-none-eabi/lib/thumb/v7e-m+fp/hard/libc_nano.a(lib_a-init.o)
 .debug_line    0x0000000000016e94      0x26b /usr/lib/gcc/arm-none-eabi/9.2.1/../../../arm-none-eabi/lib/thumb/v7e-m+fp/hard/libc_nano.a(lib_a-memset.o)
 .debug_line    0x00000000000170ff      0x22c /usr/lib/gcc/arm-none-eabi/9.2.1/../../../arm-none-eabi/lib/thumb/v7e-m+fp/hard/libc_nano.a(lib_a-sprintf.o)
 .debug_line    0x000000000001732b      0x149 /usr/lib/gcc/arm-none-eabi/9.2.1/../../../arm-none-eabi/lib/thumb/v7e-m+fp/hard/libc_nano.a(lib_a-strcpy.o)
 .debug_line    0x0000000000017474       0xaf /usr/lib/gcc/arm-none-eabi/9.2.1/../../../arm-none-eabi/lib/thumb/v7e-m+fp/hard/libc_nano.a(lib_a-strlen.o)
 .debug_line    0x0000000000017523      0x788 /usr/lib/gcc/arm-none-eabi/9.2.1/../../../arm-none-eabi/lib/thumb/v7e-m+fp/hard/libc_nano.a(lib_a-strstr.o)
 .debug_line    0x0000000000017cab      0x1d4 /usr/lib/gcc/arm-none-eabi/9.2.1/../../../arm-none-eabi/lib/thumb/v7e-m+fp/hard/libc_nano.a(lib_a-memcmp.o)
 .debug_line    0x0000000000017e7f      0x884 /usr/lib/gcc/arm-none-eabi/9.2.1/../../../arm-none-eabi/lib/thumb/v7e-m+fp/hard/libc_nano.a(lib_a-nano-svfprintf.o)
 .debug_line    0x0000000000018703      0x790 /usr/lib/gcc/arm-none-eabi/9.2.1/../../../arm-none-eabi/lib/thumb/v7e-m+fp/hard/libc_nano.a(lib_a-nano-vfprintf_i.o)
 .debug_line    0x0000000000018e93      0x21f /usr/lib/gcc/arm-none-eabi/9.2.1/../../../arm-none-eabi/lib/thumb/v7e-m+fp/hard/libc_nano.a(lib_a-strchr.o)
 .debug_line    0x00000000000190b2      0x18e /usr/lib/gcc/arm-none-eabi/9.2.1/../../../arm-none-eabi/lib/thumb/v7e-m+fp/hard/libc_nano.a(lib_a-strnlen.o)
 .debug_line    0x0000000000019240       0xa4 /usr/lib/gcc/arm-none-eabi/9.2.1/../../../arm-none-eabi/lib/thumb/v7e-m+fp/hard/libc_nano.a(lib_a-memchr.o)
 .debug_line    0x00000000000192e4       0xbe /usr/lib/gcc/arm-none-eabi/9.2.1/../../../arm-none-eabi/lib/thumb/v7e-m+fp/hard/libc_nano.a(lib_a-memcpy.o)
 .debug_line    0x00000000000193a2      0x287 /usr/lib/gcc/arm-none-eabi/9.2.1/../../../arm-none-eabi/lib/thumb/v7e-m+fp/hard/libc_nano.a(lib_a-memmove.o)
 .debug_line    0x0000000000019629      0x2af /usr/lib/gcc/arm-none-eabi/9.2.1/../../../arm-none-eabi/lib/thumb/v7e-m+fp/hard/libc_nano.a(lib_a-nano-freer.o)
 .debug_line    0x00000000000198d8      0x2f2 /usr/lib/gcc/arm-none-eabi/9.2.1/../../../arm-none-eabi/lib/thumb/v7e-m+fp/hard/libc_nano.a(lib_a-nano-mallocr.o)
 .debug_line    0x0000000000019bca      0x1c5 /usr/lib/gcc/arm-none-eabi/9.2.1/../../../arm-none-eabi/lib/thumb/v7e-m+fp/hard/libc_nano.a(lib_a-nano-reallocr.o)